   2:6>CSC : error CS5001: Program does not contain a static 'Main' method suitable for an entry point [F:\Dev\Projects\AI Project\HaengSungAOI2\HaengSungAOI_WPF\HaengSungAOI_WPF.csproj]
   2:6>F:\Dev\Projects\AI Project\HaengSungAOI2\HaengSungAOI_WPF\Views\TestView.xaml.cs(24,13): error CS0103: The name 'InitializeComponent' does not exist in the current context [F:\Dev\Projects\AI Project\HaengSungAOI2\HaengSungAOI_WPF\HaengSungAOI_WPF.csproj]
   2:6>F:\Dev\Projects\AI Project\HaengSungAOI2\HaengSungAOI_WPF\Views\MainView.xaml.cs(26,13): error CS0103: The name 'InitializeComponent' does not exist in the current context [F:\Dev\Projects\AI Project\HaengSungAOI2\HaengSungAOI_WPF\HaengSungAOI_WPF.csproj]
   2:6>F:\Dev\Projects\AI Project\HaengSungAOI2\HaengSungAOI_WPF\Views\MainWindow.xaml.cs(17,13): error CS0103: The name 'InitializeComponent' does not exist in the current context [F:\Dev\Projects\AI Project\HaengSungAOI2\HaengSungAOI_WPF\HaengSungAOI_WPF.csproj]
   2:6>F:\Dev\Projects\AI Project\HaengSungAOI2\HaengSungAOI_WPF\Views\MainWindow.xaml.cs(33,17): error CS0103: The name 'FrontEnd' does not exist in the current context [F:\Dev\Projects\AI Project\HaengSungAOI2\HaengSungAOI_WPF\HaengSungAOI_WPF.csproj]
   2:6>F:\Dev\Projects\AI Project\HaengSungAOI2\HaengSungAOI_WPF\Views\MainWindow.xaml.cs(35,51): error CS0103: The name 'FrontEnd' does not exist in the current context [F:\Dev\Projects\AI Project\HaengSungAOI2\HaengSungAOI_WPF\HaengSungAOI_WPF.csproj]
   2:6>F:\Dev\Projects\AI Project\HaengSungAOI2\HaengSungAOI_WPF\Views\SettingsWindow.xaml.cs(657,13): error CS0103: The name '_isModelDataChanged' does not exist in the current context [F:\Dev\Projects\AI Project\HaengSungAOI2\HaengSungAOI_WPF\HaengSungAOI_WPF.csproj]
   2:6>F:\Dev\Projects\AI Project\HaengSungAOI2\HaengSungAOI_WPF\Views\ErrorListWindow.xaml.cs(30,13): error CS0103: The name 'InitializeComponent' does not exist in the current context [F:\Dev\Projects\AI Project\HaengSungAOI2\HaengSungAOI_WPF\HaengSungAOI_WPF.csproj]
   2:6>F:\Dev\Projects\AI Project\HaengSungAOI2\HaengSungAOI_WPF\Views\SettingsWindow.xaml.cs(28,13): error CS0103: The name 'InitializeComponent' does not exist in the current context [F:\Dev\Projects\AI Project\HaengSungAOI2\HaengSungAOI_WPF\HaengSungAOI_WPF.csproj]
   2:6>F:\Dev\Projects\AI Project\HaengSungAOI2\HaengSungAOI_WPF\Views\SettingsWindow.xaml.cs(34,13): error CS0103: The name 'ParameterDataGrid' does not exist in the current context [F:\Dev\Projects\AI Project\HaengSungAOI2\HaengSungAOI_WPF\HaengSungAOI_WPF.csproj]
   2:6>F:\Dev\Projects\AI Project\HaengSungAOI2\HaengSungAOI_WPF\Views\ErrorListWindow.xaml.cs(76,21): error CS0103: The name 'cbErrorType' does not exist in the current context [F:\Dev\Projects\AI Project\HaengSungAOI2\HaengSungAOI_WPF\HaengSungAOI_WPF.csproj]
   2:6>F:\Dev\Projects\AI Project\HaengSungAOI2\HaengSungAOI_WPF\Views\ErrorListWindow.xaml.cs(76,42): error CS0103: The name 'cbErrorType' does not exist in the current context [F:\Dev\Projects\AI Project\HaengSungAOI2\HaengSungAOI_WPF\HaengSungAOI_WPF.csproj]
   2:6>F:\Dev\Projects\AI Project\HaengSungAOI2\HaengSungAOI_WPF\Views\ErrorListWindow.xaml.cs(77,21): error CS0103: The name 'cbStatus' does not exist in the current context [F:\Dev\Projects\AI Project\HaengSungAOI2\HaengSungAOI_WPF\HaengSungAOI_WPF.csproj]
   2:6>F:\Dev\Projects\AI Project\HaengSungAOI2\HaengSungAOI_WPF\Views\ErrorListWindow.xaml.cs(77,39): error CS0103: The name 'cbStatus' does not exist in the current context [F:\Dev\Projects\AI Project\HaengSungAOI2\HaengSungAOI_WPF\HaengSungAOI_WPF.csproj]
   2:6>F:\Dev\Projects\AI Project\HaengSungAOI2\HaengSungAOI_WPF\Views\SettingsWindow.xaml.cs(89,17): error CS0103: The name 'ConnectionStatusText' does not exist in the current context [F:\Dev\Projects\AI Project\HaengSungAOI2\HaengSungAOI_WPF\HaengSungAOI_WPF.csproj]
   2:6>F:\Dev\Projects\AI Project\HaengSungAOI2\HaengSungAOI_WPF\Views\SettingsWindow.xaml.cs(90,17): error CS0103: The name 'ConnectionStatusText' does not exist in the current context [F:\Dev\Projects\AI Project\HaengSungAOI2\HaengSungAOI_WPF\HaengSungAOI_WPF.csproj]
   2:6>F:\Dev\Projects\AI Project\HaengSungAOI2\HaengSungAOI_WPF\Views\SettingsWindow.xaml.cs(91,17): error CS0103: The name 'ReadAllButton' does not exist in the current context [F:\Dev\Projects\AI Project\HaengSungAOI2\HaengSungAOI_WPF\HaengSungAOI_WPF.csproj]
   2:6>F:\Dev\Projects\AI Project\HaengSungAOI2\HaengSungAOI_WPF\Views\SettingsWindow.xaml.cs(92,17): error CS0103: The name 'WriteAllButton' does not exist in the current context [F:\Dev\Projects\AI Project\HaengSungAOI2\HaengSungAOI_WPF\HaengSungAOI_WPF.csproj]
   2:6>F:\Dev\Projects\AI Project\HaengSungAOI2\HaengSungAOI_WPF\Views\SettingsWindow.xaml.cs(96,17): error CS0103: The name 'ConnectionStatusText' does not exist in the current context [F:\Dev\Projects\AI Project\HaengSungAOI2\HaengSungAOI_WPF\HaengSungAOI_WPF.csproj]
   2:6>F:\Dev\Projects\AI Project\HaengSungAOI2\HaengSungAOI_WPF\Views\SettingsWindow.xaml.cs(97,17): error CS0103: The name 'ConnectionStatusText' does not exist in the current context [F:\Dev\Projects\AI Project\HaengSungAOI2\HaengSungAOI_WPF\HaengSungAOI_WPF.csproj]
   2:6>F:\Dev\Projects\AI Project\HaengSungAOI2\HaengSungAOI_WPF\Views\SettingsWindow.xaml.cs(98,17): error CS0103: The name 'ReadAllButton' does not exist in the current context [F:\Dev\Projects\AI Project\HaengSungAOI2\HaengSungAOI_WPF\HaengSungAOI_WPF.csproj]
   2:6>F:\Dev\Projects\AI Project\HaengSungAOI2\HaengSungAOI_WPF\Views\SettingsWindow.xaml.cs(99,17): error CS0103: The name 'WriteAllButton' does not exist in the current context [F:\Dev\Projects\AI Project\HaengSungAOI2\HaengSungAOI_WPF\HaengSungAOI_WPF.csproj]
   2:6>F:\Dev\Projects\AI Project\HaengSungAOI2\HaengSungAOI_WPF\Views\ErrorListWindow.xaml.cs(119,21): error CS0103: The name 'cbErrorType' does not exist in the current context [F:\Dev\Projects\AI Project\HaengSungAOI2\HaengSungAOI_WPF\HaengSungAOI_WPF.csproj]
   2:6>F:\Dev\Projects\AI Project\HaengSungAOI2\HaengSungAOI_WPF\Views\ErrorListWindow.xaml.cs(119,44): error CS0103: The name 'cbStatus' does not exist in the current context [F:\Dev\Projects\AI Project\HaengSungAOI2\HaengSungAOI_WPF\HaengSungAOI_WPF.csproj]
   2:6>F:\Dev\Projects\AI Project\HaengSungAOI2\HaengSungAOI_WPF\Views\ErrorListWindow.xaml.cs(119,64): error CS0103: The name 'txtSearch' does not exist in the current context [F:\Dev\Projects\AI Project\HaengSungAOI2\HaengSungAOI_WPF\HaengSungAOI_WPF.csproj]
   2:6>F:\Dev\Projects\AI Project\HaengSungAOI2\HaengSungAOI_WPF\Views\ErrorListWindow.xaml.cs(119,85): error CS0103: The name 'dgErrors' does not exist in the current context [F:\Dev\Projects\AI Project\HaengSungAOI2\HaengSungAOI_WPF\HaengSungAOI_WPF.csproj]
   2:6>F:\Dev\Projects\AI Project\HaengSungAOI2\HaengSungAOI_WPF\Views\ErrorListWindow.xaml.cs(130,21): error CS0103: The name 'cbErrorType' does not exist in the current context [F:\Dev\Projects\AI Project\HaengSungAOI2\HaengSungAOI_WPF\HaengSungAOI_WPF.csproj]
   2:6>F:\Dev\Projects\AI Project\HaengSungAOI2\HaengSungAOI_WPF\Views\ErrorListWindow.xaml.cs(130,44): error CS0103: The name 'cbErrorType' does not exist in the current context [F:\Dev\Projects\AI Project\HaengSungAOI2\HaengSungAOI_WPF\HaengSungAOI_WPF.csproj]
   2:6>F:\Dev\Projects\AI Project\HaengSungAOI2\HaengSungAOI_WPF\Views\ErrorListWindow.xaml.cs(132,51): error CS0103: The name 'cbErrorType' does not exist in the current context [F:\Dev\Projects\AI Project\HaengSungAOI2\HaengSungAOI_WPF\HaengSungAOI_WPF.csproj]
   2:6>F:\Dev\Projects\AI Project\HaengSungAOI2\HaengSungAOI_WPF\Views\ErrorListWindow.xaml.cs(136,21): error CS0103: The name 'cbStatus' does not exist in the current context [F:\Dev\Projects\AI Project\HaengSungAOI2\HaengSungAOI_WPF\HaengSungAOI_WPF.csproj]
   2:6>F:\Dev\Projects\AI Project\HaengSungAOI2\HaengSungAOI_WPF\Views\ErrorListWindow.xaml.cs(138,25): error CS0103: The name 'cbStatus' does not exist in the current context [F:\Dev\Projects\AI Project\HaengSungAOI2\HaengSungAOI_WPF\HaengSungAOI_WPF.csproj]
   2:6>F:\Dev\Projects\AI Project\HaengSungAOI2\HaengSungAOI_WPF\Views\ErrorListWindow.xaml.cs(140,30): error CS0103: The name 'cbStatus' does not exist in the current context [F:\Dev\Projects\AI Project\HaengSungAOI2\HaengSungAOI_WPF\HaengSungAOI_WPF.csproj]
   2:6>F:\Dev\Projects\AI Project\HaengSungAOI2\HaengSungAOI_WPF\Views\ErrorListWindow.xaml.cs(144,37): error CS0103: The name 'txtSearch' does not exist in the current context [F:\Dev\Projects\AI Project\HaengSungAOI2\HaengSungAOI_WPF\HaengSungAOI_WPF.csproj]
   2:6>F:\Dev\Projects\AI Project\HaengSungAOI2\HaengSungAOI_WPF\Views\ErrorListWindow.xaml.cs(164,17): error CS0103: The name 'dgErrors' does not exist in the current context [F:\Dev\Projects\AI Project\HaengSungAOI2\HaengSungAOI_WPF\HaengSungAOI_WPF.csproj]
   2:6>F:\Dev\Projects\AI Project\HaengSungAOI2\HaengSungAOI_WPF\Views\ErrorListWindow.xaml.cs(167,17): error CS0103: The name 'dgErrors' does not exist in the current context [F:\Dev\Projects\AI Project\HaengSungAOI2\HaengSungAOI_WPF\HaengSungAOI_WPF.csproj]
   2:6>F:\Dev\Projects\AI Project\HaengSungAOI2\HaengSungAOI_WPF\ViewModels\TestViewViewModel.cs(18,13): error CS0103: The name 'Name' does not exist in the current context [F:\Dev\Projects\AI Project\HaengSungAOI2\HaengSungAOI_WPF\HaengSungAOI_WPF.csproj]
   2:6>F:\Dev\Projects\AI Project\HaengSungAOI2\HaengSungAOI_WPF\ViewModels\TestViewViewModel.cs(24,13): error CS0103: The name 'Name' does not exist in the current context [F:\Dev\Projects\AI Project\HaengSungAOI2\HaengSungAOI_WPF\HaengSungAOI_WPF.csproj]
   2:6>F:\Dev\Projects\AI Project\HaengSungAOI2\HaengSungAOI_WPF\ViewModels\TestViewViewModel.cs(24,32): error CS0103: The name 'Name' does not exist in the current context [F:\Dev\Projects\AI Project\HaengSungAOI2\HaengSungAOI_WPF\HaengSungAOI_WPF.csproj]
   2:6>F:\Dev\Projects\AI Project\HaengSungAOI2\HaengSungAOI_WPF\Views\HistoryWindow.xaml.cs(15,13): error CS0103: The name 'InitializeComponent' does not exist in the current context [F:\Dev\Projects\AI Project\HaengSungAOI2\HaengSungAOI_WPF\HaengSungAOI_WPF.csproj]
   2:6>F:\Dev\Projects\AI Project\HaengSungAOI2\HaengSungAOI_WPF\Views\ManualOperations.xaml.cs(33,13): error CS0103: The name 'InitializeComponent' does not exist in the current context [F:\Dev\Projects\AI Project\HaengSungAOI2\HaengSungAOI_WPF\HaengSungAOI_WPF.csproj]
   2:6>F:\Dev\Projects\AI Project\HaengSungAOI2\HaengSungAOI_WPF\Views\ErrorListWindow.xaml.cs(290,34): error CS0103: The name 'dgErrors' does not exist in the current context [F:\Dev\Projects\AI Project\HaengSungAOI2\HaengSungAOI_WPF\HaengSungAOI_WPF.csproj]
   2:6>F:\Dev\Projects\AI Project\HaengSungAOI2\HaengSungAOI_WPF\Views\ErrorListWindow.xaml.cs(295,21): error CS0103: The name 'txtDetailsSource' does not exist in the current context [F:\Dev\Projects\AI Project\HaengSungAOI2\HaengSungAOI_WPF\HaengSungAOI_WPF.csproj]
   2:6>F:\Dev\Projects\AI Project\HaengSungAOI2\HaengSungAOI_WPF\Views\ErrorListWindow.xaml.cs(296,21): error CS0103: The name 'txtDetailsType' does not exist in the current context [F:\Dev\Projects\AI Project\HaengSungAOI2\HaengSungAOI_WPF\HaengSungAOI_WPF.csproj]
   2:6>F:\Dev\Projects\AI Project\HaengSungAOI2\HaengSungAOI_WPF\Views\ErrorListWindow.xaml.cs(309,21): error CS0103: The name 'txtDetails' does not exist in the current context [F:\Dev\Projects\AI Project\HaengSungAOI2\HaengSungAOI_WPF\HaengSungAOI_WPF.csproj]
   2:6>F:\Dev\Projects\AI Project\HaengSungAOI2\HaengSungAOI_WPF\Views\ErrorListWindow.xaml.cs(316,21): error CS0103: The name 'txtDetailsSource' does not exist in the current context [F:\Dev\Projects\AI Project\HaengSungAOI2\HaengSungAOI_WPF\HaengSungAOI_WPF.csproj]
   2:6>F:\Dev\Projects\AI Project\HaengSungAOI2\HaengSungAOI_WPF\Views\ErrorListWindow.xaml.cs(317,21): error CS0103: The name 'txtDetailsType' does not exist in the current context [F:\Dev\Projects\AI Project\HaengSungAOI2\HaengSungAOI_WPF\HaengSungAOI_WPF.csproj]
   2:6>F:\Dev\Projects\AI Project\HaengSungAOI2\HaengSungAOI_WPF\Views\ErrorListWindow.xaml.cs(318,21): error CS0103: The name 'txtDetails' does not exist in the current context [F:\Dev\Projects\AI Project\HaengSungAOI2\HaengSungAOI_WPF\HaengSungAOI_WPF.csproj]
   2:6>F:\Dev\Projects\AI Project\HaengSungAOI2\HaengSungAOI_WPF\ViewModels\HistoryViewModel.cs(172,124): error CS1503: Argument 5: cannot convert from 'string' to 'int' [F:\Dev\Projects\AI Project\HaengSungAOI2\HaengSungAOI_WPF\HaengSungAOI_WPF.csproj]
   2:6>F:\Dev\Projects\AI Project\HaengSungAOI2\HaengSungAOI_WPF\Views\ErrorListWindow.xaml.cs(510,25): error CS0103: The name 'txtDetailsSource' does not exist in the current context [F:\Dev\Projects\AI Project\HaengSungAOI2\HaengSungAOI_WPF\HaengSungAOI_WPF.csproj]
   2:6>F:\Dev\Projects\AI Project\HaengSungAOI2\HaengSungAOI_WPF\Views\ErrorListWindow.xaml.cs(511,25): error CS0103: The name 'txtDetailsType' does not exist in the current context [F:\Dev\Projects\AI Project\HaengSungAOI2\HaengSungAOI_WPF\HaengSungAOI_WPF.csproj]
   2:6>F:\Dev\Projects\AI Project\HaengSungAOI2\HaengSungAOI_WPF\Views\ErrorListWindow.xaml.cs(512,25): error CS0103: The name 'txtDetails' does not exist in the current context [F:\Dev\Projects\AI Project\HaengSungAOI2\HaengSungAOI_WPF\HaengSungAOI_WPF.csproj]
   2:6>F:\Dev\Projects\AI Project\HaengSungAOI2\HaengSungAOI_WPF\Views\ModelConfig.PLCOperations.cs(32,26): error CS0103: The name '_robotPositionManager' does not exist in the current context [F:\Dev\Projects\AI Project\HaengSungAOI2\HaengSungAOI_WPF\HaengSungAOI_WPF.csproj]
   2:6>F:\Dev\Projects\AI Project\HaengSungAOI2\HaengSungAOI_WPF\Views\ModelConfig.PLCOperations.cs(43,25): error CS0103: The name '_robotPositionManager' does not exist in the current context [F:\Dev\Projects\AI Project\HaengSungAOI2\HaengSungAOI_WPF\HaengSungAOI_WPF.csproj]
   2:6>F:\Dev\Projects\AI Project\HaengSungAOI2\HaengSungAOI_WPF\Views\SettingsWindow.xaml.cs(129,13): error CS0103: The name 'ReadAllButton' does not exist in the current context [F:\Dev\Projects\AI Project\HaengSungAOI2\HaengSungAOI_WPF\HaengSungAOI_WPF.csproj]
   2:6>F:\Dev\Projects\AI Project\HaengSungAOI2\HaengSungAOI_WPF\Views\SettingsWindow.xaml.cs(130,13): error CS0103: The name 'WriteAllButton' does not exist in the current context [F:\Dev\Projects\AI Project\HaengSungAOI2\HaengSungAOI_WPF\HaengSungAOI_WPF.csproj]
   2:6>F:\Dev\Projects\AI Project\HaengSungAOI2\HaengSungAOI_WPF\Views\SettingsWindow.xaml.cs(131,13): error CS0103: The name 'RefreshButton' does not exist in the current context [F:\Dev\Projects\AI Project\HaengSungAOI2\HaengSungAOI_WPF\HaengSungAOI_WPF.csproj]
   2:6>F:\Dev\Projects\AI Project\HaengSungAOI2\HaengSungAOI_WPF\Views\SettingsWindow.xaml.cs(240,17): error CS0103: The name 'ReadAllButton' does not exist in the current context [F:\Dev\Projects\AI Project\HaengSungAOI2\HaengSungAOI_WPF\HaengSungAOI_WPF.csproj]
   2:6>F:\Dev\Projects\AI Project\HaengSungAOI2\HaengSungAOI_WPF\Views\SettingsWindow.xaml.cs(241,17): error CS0103: The name 'WriteAllButton' does not exist in the current context [F:\Dev\Projects\AI Project\HaengSungAOI2\HaengSungAOI_WPF\HaengSungAOI_WPF.csproj]
   2:6>F:\Dev\Projects\AI Project\HaengSungAOI2\HaengSungAOI_WPF\Views\SettingsWindow.xaml.cs(242,17): error CS0103: The name 'RefreshButton' does not exist in the current context [F:\Dev\Projects\AI Project\HaengSungAOI2\HaengSungAOI_WPF\HaengSungAOI_WPF.csproj]
   2:6>F:\Dev\Projects\AI Project\HaengSungAOI2\HaengSungAOI_WPF\Views\ManualOperations.xaml.cs(842,41): error CS0103: The name '_machine' does not exist in the current context [F:\Dev\Projects\AI Project\HaengSungAOI2\HaengSungAOI_WPF\HaengSungAOI_WPF.csproj]
   2:6>F:\Dev\Projects\AI Project\HaengSungAOI2\HaengSungAOI_WPF\Views\RobotJogWindow.xaml.cs(19,13): error CS0103: The name 'InitializeComponent' does not exist in the current context [F:\Dev\Projects\AI Project\HaengSungAOI2\HaengSungAOI_WPF\HaengSungAOI_WPF.csproj]
   2:6>F:\Dev\Projects\AI Project\HaengSungAOI2\HaengSungAOI_WPF\Views\RobotJogWindow.xaml.cs(22,33): error CS0246: The type or namespace name 'RobotJogViewModel' could not be found (are you missing a using directive or an assembly reference?) [F:\Dev\Projects\AI Project\HaengSungAOI2\HaengSungAOI_WPF\HaengSungAOI_WPF.csproj]
   2:6>F:\Dev\Projects\AI Project\HaengSungAOI2\HaengSungAOI_WPF\Machine\PLC\PLCAxis.cs(102,19): error CS1061: 'AlarmEventArgs' does not contain a definition for 'TagName' and no accessible extension method 'TagName' accepting a first argument of type 'AlarmEventArgs' could be found (are you missing a using directive or an assembly reference?) [F:\Dev\Projects\AI Project\HaengSungAOI2\HaengSungAOI_WPF\HaengSungAOI_WPF.csproj]
   2:6>F:\Dev\Projects\AI Project\HaengSungAOI2\HaengSungAOI_WPF\Machine\PLC\PLCAxis.cs(114,35): error CS0019: Operator '??' cannot be applied to operands of type 'double' and 'int' [F:\Dev\Projects\AI Project\HaengSungAOI2\HaengSungAOI_WPF\HaengSungAOI_WPF.csproj]
   2:6>F:\Dev\Projects\AI Project\HaengSungAOI2\HaengSungAOI_WPF\Views\SettingsWindow.xaml.cs(270,13): error CS0103: The name 'ReadAllButton' does not exist in the current context [F:\Dev\Projects\AI Project\HaengSungAOI2\HaengSungAOI_WPF\HaengSungAOI_WPF.csproj]
   2:6>F:\Dev\Projects\AI Project\HaengSungAOI2\HaengSungAOI_WPF\Views\SettingsWindow.xaml.cs(271,13): error CS0103: The name 'WriteAllButton' does not exist in the current context [F:\Dev\Projects\AI Project\HaengSungAOI2\HaengSungAOI_WPF\HaengSungAOI_WPF.csproj]
   2:6>F:\Dev\Projects\AI Project\HaengSungAOI2\HaengSungAOI_WPF\Views\SettingsWindow.xaml.cs(272,13): error CS0103: The name 'RefreshButton' does not exist in the current context [F:\Dev\Projects\AI Project\HaengSungAOI2\HaengSungAOI_WPF\HaengSungAOI_WPF.csproj]
   2:6>F:\Dev\Projects\AI Project\HaengSungAOI2\HaengSungAOI_WPF\Views\SettingsWindow.xaml.cs(382,17): error CS0103: The name 'ReadAllButton' does not exist in the current context [F:\Dev\Projects\AI Project\HaengSungAOI2\HaengSungAOI_WPF\HaengSungAOI_WPF.csproj]
   2:6>F:\Dev\Projects\AI Project\HaengSungAOI2\HaengSungAOI_WPF\Views\SettingsWindow.xaml.cs(383,17): error CS0103: The name 'WriteAllButton' does not exist in the current context [F:\Dev\Projects\AI Project\HaengSungAOI2\HaengSungAOI_WPF\HaengSungAOI_WPF.csproj]
   2:6>F:\Dev\Projects\AI Project\HaengSungAOI2\HaengSungAOI_WPF\Views\SettingsWindow.xaml.cs(384,17): error CS0103: The name 'RefreshButton' does not exist in the current context [F:\Dev\Projects\AI Project\HaengSungAOI2\HaengSungAOI_WPF\HaengSungAOI_WPF.csproj]
   2:6>F:\Dev\Projects\AI Project\HaengSungAOI2\HaengSungAOI_WPF\Views\SettingsWindow.xaml.cs(518,13): error CS0103: The name 'StatusText' does not exist in the current context [F:\Dev\Projects\AI Project\HaengSungAOI2\HaengSungAOI_WPF\HaengSungAOI_WPF.csproj]
   2:6>F:\Dev\Projects\AI Project\HaengSungAOI2\HaengSungAOI_WPF\Views\ModelConfig.RobotPositions.cs(33,13): error CS0103: The name 'InfeedRobotGrid' does not exist in the current context [F:\Dev\Projects\AI Project\HaengSungAOI2\HaengSungAOI_WPF\HaengSungAOI_WPF.csproj]
   2:6>F:\Dev\Projects\AI Project\HaengSungAOI2\HaengSungAOI_WPF\Views\ModelConfig.RobotPositions.cs(34,13): error CS0103: The name 'TransferRobotGrid' does not exist in the current context [F:\Dev\Projects\AI Project\HaengSungAOI2\HaengSungAOI_WPF\HaengSungAOI_WPF.csproj]
   2:6>F:\Dev\Projects\AI Project\HaengSungAOI2\HaengSungAOI_WPF\Views\ModelConfig.RobotPositions.cs(35,13): error CS0103: The name 'OutfeedRobotGrid' does not exist in the current context [F:\Dev\Projects\AI Project\HaengSungAOI2\HaengSungAOI_WPF\HaengSungAOI_WPF.csproj]
   2:6>F:\Dev\Projects\AI Project\HaengSungAOI2\HaengSungAOI_WPF\Views\ModelConfig.RobotPositions.cs(36,13): error CS0103: The name 'Inspect1RobotGrid' does not exist in the current context [F:\Dev\Projects\AI Project\HaengSungAOI2\HaengSungAOI_WPF\HaengSungAOI_WPF.csproj]
   2:6>F:\Dev\Projects\AI Project\HaengSungAOI2\HaengSungAOI_WPF\Views\ModelConfig.RobotPositions.cs(37,13): error CS0103: The name 'Inspect2RobotGrid' does not exist in the current context [F:\Dev\Projects\AI Project\HaengSungAOI2\HaengSungAOI_WPF\HaengSungAOI_WPF.csproj]
   2:6>F:\Dev\Projects\AI Project\HaengSungAOI2\HaengSungAOI_WPF\Views\ModelConfig.RobotPositions.cs(388,17): error CS0103: The name 'InfeedRobotGrid' does not exist in the current context [F:\Dev\Projects\AI Project\HaengSungAOI2\HaengSungAOI_WPF\HaengSungAOI_WPF.csproj]
   2:6>F:\Dev\Projects\AI Project\HaengSungAOI2\HaengSungAOI_WPF\Views\ModelConfig.RobotPositions.cs(397,21): error CS0103: The name 'InfeedRobotGrid' does not exist in the current context [F:\Dev\Projects\AI Project\HaengSungAOI2\HaengSungAOI_WPF\HaengSungAOI_WPF.csproj]
   2:6>F:\Dev\Projects\AI Project\HaengSungAOI2\HaengSungAOI_WPF\Views\ModelConfig.RobotPositions.cs(419,17): error CS0103: The name 'InfeedRobotGrid' does not exist in the current context [F:\Dev\Projects\AI Project\HaengSungAOI2\HaengSungAOI_WPF\HaengSungAOI_WPF.csproj]
   2:6>F:\Dev\Projects\AI Project\HaengSungAOI2\HaengSungAOI_WPF\Views\ModelConfig.RobotPositions.cs(495,17): error CS0103: The name 'TransferRobotGrid' does not exist in the current context [F:\Dev\Projects\AI Project\HaengSungAOI2\HaengSungAOI_WPF\HaengSungAOI_WPF.csproj]
   2:6>F:\Dev\Projects\AI Project\HaengSungAOI2\HaengSungAOI_WPF\Views\ModelConfig.RobotPositions.cs(502,21): error CS0103: The name 'TransferRobotGrid' does not exist in the current context [F:\Dev\Projects\AI Project\HaengSungAOI2\HaengSungAOI_WPF\HaengSungAOI_WPF.csproj]
   2:6>F:\Dev\Projects\AI Project\HaengSungAOI2\HaengSungAOI_WPF\Views\ModelConfig.RobotPositions.cs(524,17): error CS0103: The name 'TransferRobotGrid' does not exist in the current context [F:\Dev\Projects\AI Project\HaengSungAOI2\HaengSungAOI_WPF\HaengSungAOI_WPF.csproj]
   2:6>F:\Dev\Projects\AI Project\HaengSungAOI2\HaengSungAOI_WPF\Views\ModelConfig.RobotPositions.cs(596,17): error CS0103: The name 'OutfeedRobotGrid' does not exist in the current context [F:\Dev\Projects\AI Project\HaengSungAOI2\HaengSungAOI_WPF\HaengSungAOI_WPF.csproj]
   2:6>F:\Dev\Projects\AI Project\HaengSungAOI2\HaengSungAOI_WPF\Views\ModelConfig.RobotPositions.cs(603,21): error CS0103: The name 'OutfeedRobotGrid' does not exist in the current context [F:\Dev\Projects\AI Project\HaengSungAOI2\HaengSungAOI_WPF\HaengSungAOI_WPF.csproj]
   2:6>F:\Dev\Projects\AI Project\HaengSungAOI2\HaengSungAOI_WPF\Views\ModelConfig.RobotPositions.cs(625,17): error CS0103: The name 'OutfeedRobotGrid' does not exist in the current context [F:\Dev\Projects\AI Project\HaengSungAOI2\HaengSungAOI_WPF\HaengSungAOI_WPF.csproj]
   2:6>F:\Dev\Projects\AI Project\HaengSungAOI2\HaengSungAOI_WPF\Views\ModelConfig.RobotPositions.cs(697,17): error CS0103: The name 'Inspect1RobotGrid' does not exist in the current context [F:\Dev\Projects\AI Project\HaengSungAOI2\HaengSungAOI_WPF\HaengSungAOI_WPF.csproj]
   2:6>F:\Dev\Projects\AI Project\HaengSungAOI2\HaengSungAOI_WPF\Views\ModelConfig.RobotPositions.cs(704,21): error CS0103: The name 'Inspect1RobotGrid' does not exist in the current context [F:\Dev\Projects\AI Project\HaengSungAOI2\HaengSungAOI_WPF\HaengSungAOI_WPF.csproj]
   2:6>F:\Dev\Projects\AI Project\HaengSungAOI2\HaengSungAOI_WPF\Views\ModelConfig.RobotPositions.cs(726,17): error CS0103: The name 'Inspect1RobotGrid' does not exist in the current context [F:\Dev\Projects\AI Project\HaengSungAOI2\HaengSungAOI_WPF\HaengSungAOI_WPF.csproj]
   2:6>F:\Dev\Projects\AI Project\HaengSungAOI2\HaengSungAOI_WPF\Views\ModelConfig.RobotPositions.cs(792,17): error CS0103: The name 'Inspect2RobotGrid' does not exist in the current context [F:\Dev\Projects\AI Project\HaengSungAOI2\HaengSungAOI_WPF\HaengSungAOI_WPF.csproj]
   2:6>F:\Dev\Projects\AI Project\HaengSungAOI2\HaengSungAOI_WPF\Views\ModelConfig.RobotPositions.cs(799,21): error CS0103: The name 'Inspect2RobotGrid' does not exist in the current context [F:\Dev\Projects\AI Project\HaengSungAOI2\HaengSungAOI_WPF\HaengSungAOI_WPF.csproj]
   2:6>F:\Dev\Projects\AI Project\HaengSungAOI2\HaengSungAOI_WPF\Views\ModelConfig.RobotPositions.cs(821,17): error CS0103: The name 'Inspect2RobotGrid' does not exist in the current context [F:\Dev\Projects\AI Project\HaengSungAOI2\HaengSungAOI_WPF\HaengSungAOI_WPF.csproj]
   2:6>F:\Dev\Projects\AI Project\HaengSungAOI2\HaengSungAOI_WPF\Views\ModelConfig.RobotPositions.cs(910,17): error CS0103: The name 'InfeedRobotGrid' does not exist in the current context [F:\Dev\Projects\AI Project\HaengSungAOI2\HaengSungAOI_WPF\HaengSungAOI_WPF.csproj]
   2:6>F:\Dev\Projects\AI Project\HaengSungAOI2\HaengSungAOI_WPF\Views\ModelConfig.RobotPositions.cs(911,17): error CS0103: The name 'TransferRobotGrid' does not exist in the current context [F:\Dev\Projects\AI Project\HaengSungAOI2\HaengSungAOI_WPF\HaengSungAOI_WPF.csproj]
   2:6>F:\Dev\Projects\AI Project\HaengSungAOI2\HaengSungAOI_WPF\Views\ModelConfig.RobotPositions.cs(912,17): error CS0103: The name 'OutfeedRobotGrid' does not exist in the current context [F:\Dev\Projects\AI Project\HaengSungAOI2\HaengSungAOI_WPF\HaengSungAOI_WPF.csproj]
   2:6>F:\Dev\Projects\AI Project\HaengSungAOI2\HaengSungAOI_WPF\Views\ModelConfig.RobotPositions.cs(913,17): error CS0103: The name 'Inspect1RobotGrid' does not exist in the current context [F:\Dev\Projects\AI Project\HaengSungAOI2\HaengSungAOI_WPF\HaengSungAOI_WPF.csproj]
   2:6>F:\Dev\Projects\AI Project\HaengSungAOI2\HaengSungAOI_WPF\Views\ModelConfig.RobotPositions.cs(914,17): error CS0103: The name 'Inspect2RobotGrid' does not exist in the current context [F:\Dev\Projects\AI Project\HaengSungAOI2\HaengSungAOI_WPF\HaengSungAOI_WPF.csproj]
   2:6>F:\Dev\Projects\AI Project\HaengSungAOI2\HaengSungAOI_WPF\Views\ModelConfig.xaml.cs(21,13): error CS0103: The name 'InitializeComponent' does not exist in the current context [F:\Dev\Projects\AI Project\HaengSungAOI2\HaengSungAOI_WPF\HaengSungAOI_WPF.csproj]
   2:6>F:\Dev\Projects\AI Project\HaengSungAOI2\HaengSungAOI_WPF\Views\ModelConfig.xaml.cs(37,21): error CS0103: The name 'ProcedureConfigControl' does not exist in the current context [F:\Dev\Projects\AI Project\HaengSungAOI2\HaengSungAOI_WPF\HaengSungAOI_WPF.csproj]
