     1>CSC : error CS5001: Program does not contain a static 'Main' method suitable for an entry point [f:\Dev\Projects\AI Project\HaengSungAOI2\HaengSungAOI_WPF\HaengSungAOI_WPF.csproj]
     1>F:\Dev\Projects\AI Project\HaengSungAOI2\HaengSungAOI_WPF\Views\MainWindow.xaml.cs(17,13): error CS0103: The name 'InitializeComponent' does not exist in the current context [f:\Dev\Projects\AI Project\HaengSungAOI2\HaengSungAOI_WPF\HaengSungAOI_WPF.csproj]
     1>F:\Dev\Projects\AI Project\HaengSungAOI2\HaengSungAOI_WPF\Views\MainWindow.xaml.cs(33,17): error CS0103: The name 'FrontEnd' does not exist in the current context [f:\Dev\Projects\AI Project\HaengSungAOI2\HaengSungAOI_WPF\HaengSungAOI_WPF.csproj]
     1>F:\Dev\Projects\AI Project\HaengSungAOI2\HaengSungAOI_WPF\Views\MainWindow.xaml.cs(35,51): error CS0103: The name 'FrontEnd' does not exist in the current context [f:\Dev\Projects\AI Project\HaengSungAOI2\HaengSungAOI_WPF\HaengSungAOI_WPF.csproj]
     1>F:\Dev\Projects\AI Project\HaengSungAOI2\HaengSungAOI_WPF\Services\Vision\VisionService.cs(82,97): error CS1503: Argument 3: cannot convert from 'object' to 'int' [f:\Dev\Projects\AI Project\HaengSungAOI2\HaengSungAOI_WPF\HaengSungAOI_WPF.csproj]
     1>F:\Dev\Projects\AI Project\HaengSungAOI2\HaengSungAOI_WPF\ViewModels\MainViewModel.cs(122,39): error CS1061: 'IErrorService' does not contain a definition for 'GetActiveErrorCount' and no accessible extension method 'GetActiveErrorCount' accepting a first argument of type 'IErrorService' could be found (are you missing a using directive or an assembly reference?) [f:\Dev\Projects\AI Project\HaengSungAOI2\HaengSungAOI_WPF\HaengSungAOI_WPF.csproj]
     1>F:\Dev\Projects\AI Project\HaengSungAOI2\HaengSungAOI_WPF\Views\ErrorListWindow.xaml.cs(30,13): error CS0103: The name 'InitializeComponent' does not exist in the current context [f:\Dev\Projects\AI Project\HaengSungAOI2\HaengSungAOI_WPF\HaengSungAOI_WPF.csproj]
     1>F:\Dev\Projects\AI Project\HaengSungAOI2\HaengSungAOI_WPF\Views\ErrorListWindow.xaml.cs(76,21): error CS0103: The name 'cbErrorType' does not exist in the current context [f:\Dev\Projects\AI Project\HaengSungAOI2\HaengSungAOI_WPF\HaengSungAOI_WPF.csproj]
     1>F:\Dev\Projects\AI Project\HaengSungAOI2\HaengSungAOI_WPF\Views\ErrorListWindow.xaml.cs(76,42): error CS0103: The name 'cbErrorType' does not exist in the current context [f:\Dev\Projects\AI Project\HaengSungAOI2\HaengSungAOI_WPF\HaengSungAOI_WPF.csproj]
     1>F:\Dev\Projects\AI Project\HaengSungAOI2\HaengSungAOI_WPF\Views\ErrorListWindow.xaml.cs(77,21): error CS0103: The name 'cbStatus' does not exist in the current context [f:\Dev\Projects\AI Project\HaengSungAOI2\HaengSungAOI_WPF\HaengSungAOI_WPF.csproj]
     1>F:\Dev\Projects\AI Project\HaengSungAOI2\HaengSungAOI_WPF\Views\ErrorListWindow.xaml.cs(77,39): error CS0103: The name 'cbStatus' does not exist in the current context [f:\Dev\Projects\AI Project\HaengSungAOI2\HaengSungAOI_WPF\HaengSungAOI_WPF.csproj]
     1>F:\Dev\Projects\AI Project\HaengSungAOI2\HaengSungAOI_WPF\App.xaml.cs(71,35): error CS0246: The type or namespace name 'IHmiSimulatorService' could not be found (are you missing a using directive or an assembly reference?) [f:\Dev\Projects\AI Project\HaengSungAOI2\HaengSungAOI_WPF\HaengSungAOI_WPF.csproj]
     1>F:\Dev\Projects\AI Project\HaengSungAOI2\HaengSungAOI_WPF\App.xaml.cs(71,57): error CS0246: The type or namespace name 'HmiSimulatorService' could not be found (are you missing a using directive or an assembly reference?) [f:\Dev\Projects\AI Project\HaengSungAOI2\HaengSungAOI_WPF\HaengSungAOI_WPF.csproj]
     1>F:\Dev\Projects\AI Project\HaengSungAOI2\HaengSungAOI_WPF\Views\ErrorListWindow.xaml.cs(119,21): error CS0103: The name 'cbErrorType' does not exist in the current context [f:\Dev\Projects\AI Project\HaengSungAOI2\HaengSungAOI_WPF\HaengSungAOI_WPF.csproj]
     1>F:\Dev\Projects\AI Project\HaengSungAOI2\HaengSungAOI_WPF\Views\ErrorListWindow.xaml.cs(119,44): error CS0103: The name 'cbStatus' does not exist in the current context [f:\Dev\Projects\AI Project\HaengSungAOI2\HaengSungAOI_WPF\HaengSungAOI_WPF.csproj]
     1>F:\Dev\Projects\AI Project\HaengSungAOI2\HaengSungAOI_WPF\Views\ErrorListWindow.xaml.cs(119,64): error CS0103: The name 'txtSearch' does not exist in the current context [f:\Dev\Projects\AI Project\HaengSungAOI2\HaengSungAOI_WPF\HaengSungAOI_WPF.csproj]
     1>F:\Dev\Projects\AI Project\HaengSungAOI2\HaengSungAOI_WPF\Views\ErrorListWindow.xaml.cs(119,85): error CS0103: The name 'dgErrors' does not exist in the current context [f:\Dev\Projects\AI Project\HaengSungAOI2\HaengSungAOI_WPF\HaengSungAOI_WPF.csproj]
     1>F:\Dev\Projects\AI Project\HaengSungAOI2\HaengSungAOI_WPF\Views\ErrorListWindow.xaml.cs(130,21): error CS0103: The name 'cbErrorType' does not exist in the current context [f:\Dev\Projects\AI Project\HaengSungAOI2\HaengSungAOI_WPF\HaengSungAOI_WPF.csproj]
     1>F:\Dev\Projects\AI Project\HaengSungAOI2\HaengSungAOI_WPF\Views\ErrorListWindow.xaml.cs(130,44): error CS0103: The name 'cbErrorType' does not exist in the current context [f:\Dev\Projects\AI Project\HaengSungAOI2\HaengSungAOI_WPF\HaengSungAOI_WPF.csproj]
     1>F:\Dev\Projects\AI Project\HaengSungAOI2\HaengSungAOI_WPF\Views\ErrorListWindow.xaml.cs(132,51): error CS0103: The name 'cbErrorType' does not exist in the current context [f:\Dev\Projects\AI Project\HaengSungAOI2\HaengSungAOI_WPF\HaengSungAOI_WPF.csproj]
     1>F:\Dev\Projects\AI Project\HaengSungAOI2\HaengSungAOI_WPF\Views\ErrorListWindow.xaml.cs(136,21): error CS0103: The name 'cbStatus' does not exist in the current context [f:\Dev\Projects\AI Project\HaengSungAOI2\HaengSungAOI_WPF\HaengSungAOI_WPF.csproj]
     1>F:\Dev\Projects\AI Project\HaengSungAOI2\HaengSungAOI_WPF\Views\ErrorListWindow.xaml.cs(138,25): error CS0103: The name 'cbStatus' does not exist in the current context [f:\Dev\Projects\AI Project\HaengSungAOI2\HaengSungAOI_WPF\HaengSungAOI_WPF.csproj]
     1>F:\Dev\Projects\AI Project\HaengSungAOI2\HaengSungAOI_WPF\Views\ErrorListWindow.xaml.cs(140,30): error CS0103: The name 'cbStatus' does not exist in the current context [f:\Dev\Projects\AI Project\HaengSungAOI2\HaengSungAOI_WPF\HaengSungAOI_WPF.csproj]
     1>F:\Dev\Projects\AI Project\HaengSungAOI2\HaengSungAOI_WPF\Views\ErrorListWindow.xaml.cs(144,37): error CS0103: The name 'txtSearch' does not exist in the current context [f:\Dev\Projects\AI Project\HaengSungAOI2\HaengSungAOI_WPF\HaengSungAOI_WPF.csproj]
     1>F:\Dev\Projects\AI Project\HaengSungAOI2\HaengSungAOI_WPF\Views\ErrorListWindow.xaml.cs(164,17): error CS0103: The name 'dgErrors' does not exist in the current context [f:\Dev\Projects\AI Project\HaengSungAOI2\HaengSungAOI_WPF\HaengSungAOI_WPF.csproj]
     1>F:\Dev\Projects\AI Project\HaengSungAOI2\HaengSungAOI_WPF\Views\ErrorListWindow.xaml.cs(167,17): error CS0103: The name 'dgErrors' does not exist in the current context [f:\Dev\Projects\AI Project\HaengSungAOI2\HaengSungAOI_WPF\HaengSungAOI_WPF.csproj]
     1>F:\Dev\Projects\AI Project\HaengSungAOI2\HaengSungAOI_WPF\Views\HistoryWindow.xaml.cs(39,13): error CS0103: The name 'InitializeComponent' does not exist in the current context [f:\Dev\Projects\AI Project\HaengSungAOI2\HaengSungAOI_WPF\HaengSungAOI_WPF.csproj]
     1>F:\Dev\Projects\AI Project\HaengSungAOI2\HaengSungAOI_WPF\Views\ManualOperations.xaml.cs(32,13): error CS0103: The name 'InitializeComponent' does not exist in the current context [f:\Dev\Projects\AI Project\HaengSungAOI2\HaengSungAOI_WPF\HaengSungAOI_WPF.csproj]
     1>F:\Dev\Projects\AI Project\HaengSungAOI2\HaengSungAOI_WPF\Views\HistoryWindow.xaml.cs(51,17): error CS0103: The name 'Thumbnail1Image' does not exist in the current context [f:\Dev\Projects\AI Project\HaengSungAOI2\HaengSungAOI_WPF\HaengSungAOI_WPF.csproj]
     1>F:\Dev\Projects\AI Project\HaengSungAOI2\HaengSungAOI_WPF\Views\HistoryWindow.xaml.cs(51,34): error CS0103: The name 'Thumbnail2Image' does not exist in the current context [f:\Dev\Projects\AI Project\HaengSungAOI2\HaengSungAOI_WPF\HaengSungAOI_WPF.csproj]
     1>F:\Dev\Projects\AI Project\HaengSungAOI2\HaengSungAOI_WPF\Views\HistoryWindow.xaml.cs(51,51): error CS0103: The name 'Thumbnail3Image' does not exist in the current context [f:\Dev\Projects\AI Project\HaengSungAOI2\HaengSungAOI_WPF\HaengSungAOI_WPF.csproj]
     1>F:\Dev\Projects\AI Project\HaengSungAOI2\HaengSungAOI_WPF\Views\HistoryWindow.xaml.cs(52,17): error CS0103: The name 'Thumbnail4Image' does not exist in the current context [f:\Dev\Projects\AI Project\HaengSungAOI2\HaengSungAOI_WPF\HaengSungAOI_WPF.csproj]
     1>F:\Dev\Projects\AI Project\HaengSungAOI2\HaengSungAOI_WPF\Views\HistoryWindow.xaml.cs(52,34): error CS0103: The name 'Thumbnail5Image' does not exist in the current context [f:\Dev\Projects\AI Project\HaengSungAOI2\HaengSungAOI_WPF\HaengSungAOI_WPF.csproj]
     1>F:\Dev\Projects\AI Project\HaengSungAOI2\HaengSungAOI_WPF\Views\HistoryWindow.xaml.cs(52,51): error CS0103: The name 'Thumbnail6Image' does not exist in the current context [f:\Dev\Projects\AI Project\HaengSungAOI2\HaengSungAOI_WPF\HaengSungAOI_WPF.csproj]
     1>F:\Dev\Projects\AI Project\HaengSungAOI2\HaengSungAOI_WPF\Views\HistoryWindow.xaml.cs(57,17): error CS0103: The name 'Thumbnail1Button' does not exist in the current context [f:\Dev\Projects\AI Project\HaengSungAOI2\HaengSungAOI_WPF\HaengSungAOI_WPF.csproj]
     1>F:\Dev\Projects\AI Project\HaengSungAOI2\HaengSungAOI_WPF\Views\HistoryWindow.xaml.cs(57,35): error CS0103: The name 'Thumbnail2Button' does not exist in the current context [f:\Dev\Projects\AI Project\HaengSungAOI2\HaengSungAOI_WPF\HaengSungAOI_WPF.csproj]
     1>F:\Dev\Projects\AI Project\HaengSungAOI2\HaengSungAOI_WPF\Views\HistoryWindow.xaml.cs(57,53): error CS0103: The name 'Thumbnail3Button' does not exist in the current context [f:\Dev\Projects\AI Project\HaengSungAOI2\HaengSungAOI_WPF\HaengSungAOI_WPF.csproj]
     1>F:\Dev\Projects\AI Project\HaengSungAOI2\HaengSungAOI_WPF\Views\HistoryWindow.xaml.cs(58,17): error CS0103: The name 'Thumbnail4Button' does not exist in the current context [f:\Dev\Projects\AI Project\HaengSungAOI2\HaengSungAOI_WPF\HaengSungAOI_WPF.csproj]
     1>F:\Dev\Projects\AI Project\HaengSungAOI2\HaengSungAOI_WPF\Views\HistoryWindow.xaml.cs(58,35): error CS0103: The name 'Thumbnail5Button' does not exist in the current context [f:\Dev\Projects\AI Project\HaengSungAOI2\HaengSungAOI_WPF\HaengSungAOI_WPF.csproj]
     1>F:\Dev\Projects\AI Project\HaengSungAOI2\HaengSungAOI_WPF\Views\HistoryWindow.xaml.cs(58,53): error CS0103: The name 'Thumbnail6Button' does not exist in the current context [f:\Dev\Projects\AI Project\HaengSungAOI2\HaengSungAOI_WPF\HaengSungAOI_WPF.csproj]
     1>F:\Dev\Projects\AI Project\HaengSungAOI2\HaengSungAOI_WPF\Views\ManualOperations.xaml.cs(39,35): error CS1061: 'MainWindow' does not contain a definition for 'GetMachine' and no accessible extension method 'GetMachine' accepting a first argument of type 'MainWindow' could be found (are you missing a using directive or an assembly reference?) [f:\Dev\Projects\AI Project\HaengSungAOI2\HaengSungAOI_WPF\HaengSungAOI_WPF.csproj]
     1>F:\Dev\Projects\AI Project\HaengSungAOI2\HaengSungAOI_WPF\Services\Machine\HmiPlcService.cs(91,50): error CS0117: 'PLCAddresses' does not contain a definition for 'Alarms' [f:\Dev\Projects\AI Project\HaengSungAOI2\HaengSungAOI_WPF\HaengSungAOI_WPF.csproj]
     1>F:\Dev\Projects\AI Project\HaengSungAOI2\HaengSungAOI_WPF\Views\HistoryWindow.xaml.cs(70,17): error CS0103: The name 'InspectionResultsDataGrid' does not exist in the current context [f:\Dev\Projects\AI Project\HaengSungAOI2\HaengSungAOI_WPF\HaengSungAOI_WPF.csproj]
     1>F:\Dev\Projects\AI Project\HaengSungAOI2\HaengSungAOI_WPF\Views\HistoryWindow.xaml.cs(71,17): error CS0103: The name 'DefectsDataGrid' does not exist in the current context [f:\Dev\Projects\AI Project\HaengSungAOI2\HaengSungAOI_WPF\HaengSungAOI_WPF.csproj]
     1>F:\Dev\Projects\AI Project\HaengSungAOI2\HaengSungAOI_WPF\Views\HistoryWindow.xaml.cs(84,13): error CS0103: The name 'FromDatePicker' does not exist in the current context [f:\Dev\Projects\AI Project\HaengSungAOI2\HaengSungAOI_WPF\HaengSungAOI_WPF.csproj]
     1>F:\Dev\Projects\AI Project\HaengSungAOI2\HaengSungAOI_WPF\Views\HistoryWindow.xaml.cs(85,13): error CS0103: The name 'ToDatePicker' does not exist in the current context [f:\Dev\Projects\AI Project\HaengSungAOI2\HaengSungAOI_WPF\HaengSungAOI_WPF.csproj]
     1>F:\Dev\Projects\AI Project\HaengSungAOI2\HaengSungAOI_WPF\Views\ModelConfig.PLCOperations.cs(18,46): error CS1061: 'RobotPositionManager' does not contain a definition for 'InfeedRobotPositions' and no accessible extension method 'InfeedRobotPositions' accepting a first argument of type 'RobotPositionManager' could be found (are you missing a using directive or an assembly reference?) [f:\Dev\Projects\AI Project\HaengSungAOI2\HaengSungAOI_WPF\HaengSungAOI_WPF.csproj]
     1>F:\Dev\Projects\AI Project\HaengSungAOI2\HaengSungAOI_WPF\Views\ModelConfig.PLCOperations.cs(29,48): error CS1061: 'RobotPositionManager' does not contain a definition for 'InfeedRobotPositions' and no accessible extension method 'InfeedRobotPositions' accepting a first argument of type 'RobotPositionManager' could be found (are you missing a using directive or an assembly reference?) [f:\Dev\Projects\AI Project\HaengSungAOI2\HaengSungAOI_WPF\HaengSungAOI_WPF.csproj]
     1>F:\Dev\Projects\AI Project\HaengSungAOI2\HaengSungAOI_WPF\Views\ModelConfig.PLCOperations.cs(40,47): error CS1061: 'RobotPositionManager' does not contain a definition for 'InfeedRobotPositions' and no accessible extension method 'InfeedRobotPositions' accepting a first argument of type 'RobotPositionManager' could be found (are you missing a using directive or an assembly reference?) [f:\Dev\Projects\AI Project\HaengSungAOI2\HaengSungAOI_WPF\HaengSungAOI_WPF.csproj]
     1>F:\Dev\Projects\AI Project\HaengSungAOI2\HaengSungAOI_WPF\Views\HistoryWindow.xaml.cs(98,17): error CS0103: The name 'ModelFilterComboBox' does not exist in the current context [f:\Dev\Projects\AI Project\HaengSungAOI2\HaengSungAOI_WPF\HaengSungAOI_WPF.csproj]
     1>F:\Dev\Projects\AI Project\HaengSungAOI2\HaengSungAOI_WPF\Views\HistoryWindow.xaml.cs(99,17): error CS0103: The name 'ModelFilterComboBox' does not exist in the current context [f:\Dev\Projects\AI Project\HaengSungAOI2\HaengSungAOI_WPF\HaengSungAOI_WPF.csproj]
     1>F:\Dev\Projects\AI Project\HaengSungAOI2\HaengSungAOI_WPF\Views\HistoryWindow.xaml.cs(103,21): error CS0103: The name 'ModelFilterComboBox' does not exist in the current context [f:\Dev\Projects\AI Project\HaengSungAOI2\HaengSungAOI_WPF\HaengSungAOI_WPF.csproj]
     1>F:\Dev\Projects\AI Project\HaengSungAOI2\HaengSungAOI_WPF\Views\ErrorListWindow.xaml.cs(290,34): error CS0103: The name 'dgErrors' does not exist in the current context [f:\Dev\Projects\AI Project\HaengSungAOI2\HaengSungAOI_WPF\HaengSungAOI_WPF.csproj]
     1>F:\Dev\Projects\AI Project\HaengSungAOI2\HaengSungAOI_WPF\Views\ErrorListWindow.xaml.cs(295,21): error CS0103: The name 'txtDetailsSource' does not exist in the current context [f:\Dev\Projects\AI Project\HaengSungAOI2\HaengSungAOI_WPF\HaengSungAOI_WPF.csproj]
     1>F:\Dev\Projects\AI Project\HaengSungAOI2\HaengSungAOI_WPF\Views\ErrorListWindow.xaml.cs(296,21): error CS0103: The name 'txtDetailsType' does not exist in the current context [f:\Dev\Projects\AI Project\HaengSungAOI2\HaengSungAOI_WPF\HaengSungAOI_WPF.csproj]
     1>F:\Dev\Projects\AI Project\HaengSungAOI2\HaengSungAOI_WPF\Views\ErrorListWindow.xaml.cs(309,21): error CS0103: The name 'txtDetails' does not exist in the current context [f:\Dev\Projects\AI Project\HaengSungAOI2\HaengSungAOI_WPF\HaengSungAOI_WPF.csproj]
     1>F:\Dev\Projects\AI Project\HaengSungAOI2\HaengSungAOI_WPF\Views\ErrorListWindow.xaml.cs(316,21): error CS0103: The name 'txtDetailsSource' does not exist in the current context [f:\Dev\Projects\AI Project\HaengSungAOI2\HaengSungAOI_WPF\HaengSungAOI_WPF.csproj]
     1>F:\Dev\Projects\AI Project\HaengSungAOI2\HaengSungAOI_WPF\Views\ErrorListWindow.xaml.cs(317,21): error CS0103: The name 'txtDetailsType' does not exist in the current context [f:\Dev\Projects\AI Project\HaengSungAOI2\HaengSungAOI_WPF\HaengSungAOI_WPF.csproj]
     1>F:\Dev\Projects\AI Project\HaengSungAOI2\HaengSungAOI_WPF\Views\ErrorListWindow.xaml.cs(318,21): error CS0103: The name 'txtDetails' does not exist in the current context [f:\Dev\Projects\AI Project\HaengSungAOI2\HaengSungAOI_WPF\HaengSungAOI_WPF.csproj]
     1>F:\Dev\Projects\AI Project\HaengSungAOI2\HaengSungAOI_WPF\Views\HistoryWindow.xaml.cs(136,21): error CS0103: The name 'FromDatePicker' does not exist in the current context [f:\Dev\Projects\AI Project\HaengSungAOI2\HaengSungAOI_WPF\HaengSungAOI_WPF.csproj]
     1>F:\Dev\Projects\AI Project\HaengSungAOI2\HaengSungAOI_WPF\Views\HistoryWindow.xaml.cs(136,61): error CS0103: The name 'ToDatePicker' does not exist in the current context [f:\Dev\Projects\AI Project\HaengSungAOI2\HaengSungAOI_WPF\HaengSungAOI_WPF.csproj]
     1>F:\Dev\Projects\AI Project\HaengSungAOI2\HaengSungAOI_WPF\Views\HistoryWindow.xaml.cs(138,41): error CS0103: The name 'FromDatePicker' does not exist in the current context [f:\Dev\Projects\AI Project\HaengSungAOI2\HaengSungAOI_WPF\HaengSungAOI_WPF.csproj]
     1>F:\Dev\Projects\AI Project\HaengSungAOI2\HaengSungAOI_WPF\Views\HistoryWindow.xaml.cs(139,39): error CS0103: The name 'ToDatePicker' does not exist in the current context [f:\Dev\Projects\AI Project\HaengSungAOI2\HaengSungAOI_WPF\HaengSungAOI_WPF.csproj]
     1>F:\Dev\Projects\AI Project\HaengSungAOI2\HaengSungAOI_WPF\Views\ModelConfig.PLCOperations.cs(54,51): error CS1061: 'RobotPositionManager' does not contain a definition for 'TransferRobotPositions' and no accessible extension method 'TransferRobotPositions' accepting a first argument of type 'RobotPositionManager' could be found (are you missing a using directive or an assembly reference?) [f:\Dev\Projects\AI Project\HaengSungAOI2\HaengSungAOI_WPF\HaengSungAOI_WPF.csproj]
     1>F:\Dev\Projects\AI Project\HaengSungAOI2\HaengSungAOI_WPF\Views\ErrorListWindow.xaml.cs(510,25): error CS0103: The name 'txtDetailsSource' does not exist in the current context [f:\Dev\Projects\AI Project\HaengSungAOI2\HaengSungAOI_WPF\HaengSungAOI_WPF.csproj]
     1>F:\Dev\Projects\AI Project\HaengSungAOI2\HaengSungAOI_WPF\Views\ErrorListWindow.xaml.cs(511,25): error CS0103: The name 'txtDetailsType' does not exist in the current context [f:\Dev\Projects\AI Project\HaengSungAOI2\HaengSungAOI_WPF\HaengSungAOI_WPF.csproj]
     1>F:\Dev\Projects\AI Project\HaengSungAOI2\HaengSungAOI_WPF\Views\ErrorListWindow.xaml.cs(512,25): error CS0103: The name 'txtDetails' does not exist in the current context [f:\Dev\Projects\AI Project\HaengSungAOI2\HaengSungAOI_WPF\HaengSungAOI_WPF.csproj]
     1>F:\Dev\Projects\AI Project\HaengSungAOI2\HaengSungAOI_WPF\Views\ModelConfig.PLCOperations.cs(113,51): error CS1061: 'RobotPositionManager' does not contain a definition for 'OutfeedRobotPositions' and no accessible extension method 'OutfeedRobotPositions' accepting a first argument of type 'RobotPositionManager' could be found (are you missing a using directive or an assembly reference?) [f:\Dev\Projects\AI Project\HaengSungAOI2\HaengSungAOI_WPF\HaengSungAOI_WPF.csproj]
     1>F:\Dev\Projects\AI Project\HaengSungAOI2\HaengSungAOI_WPF\Views\ModelConfig.PLCOperations.cs(184,51): error CS1061: 'RobotPositionManager' does not contain a definition for 'Inspect1RobotPositions' and no accessible extension method 'Inspect1RobotPositions' accepting a first argument of type 'RobotPositionManager' could be found (are you missing a using directive or an assembly reference?) [f:\Dev\Projects\AI Project\HaengSungAOI2\HaengSungAOI_WPF\HaengSungAOI_WPF.csproj]
     1>F:\Dev\Projects\AI Project\HaengSungAOI2\HaengSungAOI_WPF\Services\Database\AutoVisionDbService.cs(403,37): error CS0117: 'App' does not contain a definition for 'IsAutoMode' [f:\Dev\Projects\AI Project\HaengSungAOI2\HaengSungAOI_WPF\HaengSungAOI_WPF.csproj]
     1>F:\Dev\Projects\AI Project\HaengSungAOI2\HaengSungAOI_WPF\Views\ModelConfig.PLCOperations.cs(202,51): error CS1061: 'RobotPositionManager' does not contain a definition for 'Inspect2RobotPositions' and no accessible extension method 'Inspect2RobotPositions' accepting a first argument of type 'RobotPositionManager' could be found (are you missing a using directive or an assembly reference?) [f:\Dev\Projects\AI Project\HaengSungAOI2\HaengSungAOI_WPF\HaengSungAOI_WPF.csproj]
     1>F:\Dev\Projects\AI Project\HaengSungAOI2\HaengSungAOI_WPF\Views\RobotJogWindow.xaml.cs(46,13): error CS0103: The name 'InitializeComponent' does not exist in the current context [f:\Dev\Projects\AI Project\HaengSungAOI2\HaengSungAOI_WPF\HaengSungAOI_WPF.csproj]
     1>F:\Dev\Projects\AI Project\HaengSungAOI2\HaengSungAOI_WPF\Views\RobotJogWindow.xaml.cs(56,13): error CS0103: The name 'TitleTextBlock' does not exist in the current context [f:\Dev\Projects\AI Project\HaengSungAOI2\HaengSungAOI_WPF\HaengSungAOI_WPF.csproj]
     1>F:\Dev\Projects\AI Project\HaengSungAOI2\HaengSungAOI_WPF\Views\RobotJogWindow.xaml.cs(117,36): error CS0103: The name 'InfeedAxesGroup' does not exist in the current context [f:\Dev\Projects\AI Project\HaengSungAOI2\HaengSungAOI_WPF\HaengSungAOI_WPF.csproj]
     1>F:\Dev\Projects\AI Project\HaengSungAOI2\HaengSungAOI_WPF\Views\RobotJogWindow.xaml.cs(120,36): error CS0103: The name 'TransferAxesGroup' does not exist in the current context [f:\Dev\Projects\AI Project\HaengSungAOI2\HaengSungAOI_WPF\HaengSungAOI_WPF.csproj]
     1>F:\Dev\Projects\AI Project\HaengSungAOI2\HaengSungAOI_WPF\Views\RobotJogWindow.xaml.cs(123,36): error CS0103: The name 'OutfeedAxesGroup' does not exist in the current context [f:\Dev\Projects\AI Project\HaengSungAOI2\HaengSungAOI_WPF\HaengSungAOI_WPF.csproj]
     1>F:\Dev\Projects\AI Project\HaengSungAOI2\HaengSungAOI_WPF\Views\RobotJogWindow.xaml.cs(126,36): error CS0103: The name 'Inspect1AxesGroup' does not exist in the current context [f:\Dev\Projects\AI Project\HaengSungAOI2\HaengSungAOI_WPF\HaengSungAOI_WPF.csproj]
     1>F:\Dev\Projects\AI Project\HaengSungAOI2\HaengSungAOI_WPF\Views\RobotJogWindow.xaml.cs(129,36): error CS0103: The name 'Inspect2AxesGroup' does not exist in the current context [f:\Dev\Projects\AI Project\HaengSungAOI2\HaengSungAOI_WPF\HaengSungAOI_WPF.csproj]
     1>F:\Dev\Projects\AI Project\HaengSungAOI2\HaengSungAOI_WPF\Views\RobotJogWindow.xaml.cs(140,35): error CS0103: The name 'JogControlsGrid' does not exist in the current context [f:\Dev\Projects\AI Project\HaengSungAOI2\HaengSungAOI_WPF\HaengSungAOI_WPF.csproj]
     1>F:\Dev\Projects\AI Project\HaengSungAOI2\HaengSungAOI_WPF\Views\SettingsWindow.xaml.cs(26,13): error CS0103: The name 'InitializeComponent' does not exist in the current context [f:\Dev\Projects\AI Project\HaengSungAOI2\HaengSungAOI_WPF\HaengSungAOI_WPF.csproj]
     1>F:\Dev\Projects\AI Project\HaengSungAOI2\HaengSungAOI_WPF\Views\SettingsWindow.xaml.cs(32,13): error CS0103: The name 'ParameterDataGrid' does not exist in the current context [f:\Dev\Projects\AI Project\HaengSungAOI2\HaengSungAOI_WPF\HaengSungAOI_WPF.csproj]
     1>F:\Dev\Projects\AI Project\HaengSungAOI2\HaengSungAOI_WPF\Views\ModelConfig.PLCOperations.cs(238,51): error CS1061: 'RobotPositionManager' does not contain a definition for 'InfeedRobotPositions' and no accessible extension method 'InfeedRobotPositions' accepting a first argument of type 'RobotPositionManager' could be found (are you missing a using directive or an assembly reference?) [f:\Dev\Projects\AI Project\HaengSungAOI2\HaengSungAOI_WPF\HaengSungAOI_WPF.csproj]
     1>F:\Dev\Projects\AI Project\HaengSungAOI2\HaengSungAOI_WPF\Views\ModelConfig.PLCOperations.cs(276,51): error CS1061: 'RobotPositionManager' does not contain a definition for 'TransferRobotPositions' and no accessible extension method 'TransferRobotPositions' accepting a first argument of type 'RobotPositionManager' could be found (are you missing a using directive or an assembly reference?) [f:\Dev\Projects\AI Project\HaengSungAOI2\HaengSungAOI_WPF\HaengSungAOI_WPF.csproj]
     1>F:\Dev\Projects\AI Project\HaengSungAOI2\HaengSungAOI_WPF\Views\HistoryWindow.xaml.cs(187,36): error CS0103: The name 'FromDatePicker' does not exist in the current context [f:\Dev\Projects\AI Project\HaengSungAOI2\HaengSungAOI_WPF\HaengSungAOI_WPF.csproj]
     1>F:\Dev\Projects\AI Project\HaengSungAOI2\HaengSungAOI_WPF\Views\HistoryWindow.xaml.cs(188,34): error CS0103: The name 'ToDatePicker' does not exist in the current context [f:\Dev\Projects\AI Project\HaengSungAOI2\HaengSungAOI_WPF\HaengSungAOI_WPF.csproj]
     1>F:\Dev\Projects\AI Project\HaengSungAOI2\HaengSungAOI_WPF\Views\HistoryWindow.xaml.cs(190,29): error CS0103: The name 'ResultFilterComboBox' does not exist in the current context [f:\Dev\Projects\AI Project\HaengSungAOI2\HaengSungAOI_WPF\HaengSungAOI_WPF.csproj]
     1>F:\Dev\Projects\AI Project\HaengSungAOI2\HaengSungAOI_WPF\Views\HistoryWindow.xaml.cs(196,29): error CS0103: The name 'ModelFilterComboBox' does not exist in the current context [f:\Dev\Projects\AI Project\HaengSungAOI2\HaengSungAOI_WPF\HaengSungAOI_WPF.csproj]
     1>F:\Dev\Projects\AI Project\HaengSungAOI2\HaengSungAOI_WPF\Views\HistoryWindow.xaml.cs(202,29): error CS0103: The name 'RecordLimitComboBox' does not exist in the current context [f:\Dev\Projects\AI Project\HaengSungAOI2\HaengSungAOI_WPF\HaengSungAOI_WPF.csproj]
     1>F:\Dev\Projects\AI Project\HaengSungAOI2\HaengSungAOI_WPF\Views\HistoryWindow.xaml.cs(210,34): error CS0103: The name 'RecordLimitComboBox' does not exist in the current context [f:\Dev\Projects\AI Project\HaengSungAOI2\HaengSungAOI_WPF\HaengSungAOI_WPF.csproj]
     1>F:\Dev\Projects\AI Project\HaengSungAOI2\HaengSungAOI_WPF\Views\HistoryWindow.xaml.cs(221,56): error CS0103: The name 'PCBCodeFilterTextBox' does not exist in the current context [f:\Dev\Projects\AI Project\HaengSungAOI2\HaengSungAOI_WPF\HaengSungAOI_WPF.csproj]
     1>F:\Dev\Projects\AI Project\HaengSungAOI2\HaengSungAOI_WPF\Views\HistoryWindow.xaml.cs(223,45): error CS0103: The name 'PCBCodeFilterTextBox' does not exist in the current context [f:\Dev\Projects\AI Project\HaengSungAOI2\HaengSungAOI_WPF\HaengSungAOI_WPF.csproj]
     1>F:\Dev\Projects\AI Project\HaengSungAOI2\HaengSungAOI_WPF\Views\SettingsWindow.xaml.cs(87,17): error CS0103: The name 'ConnectionStatusText' does not exist in the current context [f:\Dev\Projects\AI Project\HaengSungAOI2\HaengSungAOI_WPF\HaengSungAOI_WPF.csproj]
     1>F:\Dev\Projects\AI Project\HaengSungAOI2\HaengSungAOI_WPF\Views\SettingsWindow.xaml.cs(88,17): error CS0103: The name 'ConnectionStatusText' does not exist in the current context [f:\Dev\Projects\AI Project\HaengSungAOI2\HaengSungAOI_WPF\HaengSungAOI_WPF.csproj]
     1>F:\Dev\Projects\AI Project\HaengSungAOI2\HaengSungAOI_WPF\Views\SettingsWindow.xaml.cs(89,17): error CS0103: The name 'ReadAllButton' does not exist in the current context [f:\Dev\Projects\AI Project\HaengSungAOI2\HaengSungAOI_WPF\HaengSungAOI_WPF.csproj]
     1>F:\Dev\Projects\AI Project\HaengSungAOI2\HaengSungAOI_WPF\Views\SettingsWindow.xaml.cs(90,17): error CS0103: The name 'WriteAllButton' does not exist in the current context [f:\Dev\Projects\AI Project\HaengSungAOI2\HaengSungAOI_WPF\HaengSungAOI_WPF.csproj]
     1>F:\Dev\Projects\AI Project\HaengSungAOI2\HaengSungAOI_WPF\Views\SettingsWindow.xaml.cs(94,17): error CS0103: The name 'ConnectionStatusText' does not exist in the current context [f:\Dev\Projects\AI Project\HaengSungAOI2\HaengSungAOI_WPF\HaengSungAOI_WPF.csproj]
     1>F:\Dev\Projects\AI Project\HaengSungAOI2\HaengSungAOI_WPF\Views\SettingsWindow.xaml.cs(95,17): error CS0103: The name 'ConnectionStatusText' does not exist in the current context [f:\Dev\Projects\AI Project\HaengSungAOI2\HaengSungAOI_WPF\HaengSungAOI_WPF.csproj]
     1>F:\Dev\Projects\AI Project\HaengSungAOI2\HaengSungAOI_WPF\Views\SettingsWindow.xaml.cs(96,17): error CS0103: The name 'ReadAllButton' does not exist in the current context [f:\Dev\Projects\AI Project\HaengSungAOI2\HaengSungAOI_WPF\HaengSungAOI_WPF.csproj]
     1>F:\Dev\Projects\AI Project\HaengSungAOI2\HaengSungAOI_WPF\Views\SettingsWindow.xaml.cs(97,17): error CS0103: The name 'WriteAllButton' does not exist in the current context [f:\Dev\Projects\AI Project\HaengSungAOI2\HaengSungAOI_WPF\HaengSungAOI_WPF.csproj]
     1>F:\Dev\Projects\AI Project\HaengSungAOI2\HaengSungAOI_WPF\Views\HistoryWindow.xaml.cs(257,38): error CS0103: The name 'FromDatePicker' does not exist in the current context [f:\Dev\Projects\AI Project\HaengSungAOI2\HaengSungAOI_WPF\HaengSungAOI_WPF.csproj]
     1>F:\Dev\Projects\AI Project\HaengSungAOI2\HaengSungAOI_WPF\Views\HistoryWindow.xaml.cs(258,36): error CS0103: The name 'ToDatePicker' does not exist in the current context [f:\Dev\Projects\AI Project\HaengSungAOI2\HaengSungAOI_WPF\HaengSungAOI_WPF.csproj]
     1>F:\Dev\Projects\AI Project\HaengSungAOI2\HaengSungAOI_WPF\Views\HistoryWindow.xaml.cs(261,21): error CS0103: The name 'ModelFilterComboBox' does not exist in the current context [f:\Dev\Projects\AI Project\HaengSungAOI2\HaengSungAOI_WPF\HaengSungAOI_WPF.csproj]
     1>F:\Dev\Projects\AI Project\HaengSungAOI2\HaengSungAOI_WPF\Views\HistoryWindow.xaml.cs(270,17): error CS0103: The name 'TotalCountTextBlock' does not exist in the current context [f:\Dev\Projects\AI Project\HaengSungAOI2\HaengSungAOI_WPF\HaengSungAOI_WPF.csproj]
     1>F:\Dev\Projects\AI Project\HaengSungAOI2\HaengSungAOI_WPF\Views\HistoryWindow.xaml.cs(271,17): error CS0103: The name 'PassCountTextBlock' does not exist in the current context [f:\Dev\Projects\AI Project\HaengSungAOI2\HaengSungAOI_WPF\HaengSungAOI_WPF.csproj]
     1>F:\Dev\Projects\AI Project\HaengSungAOI2\HaengSungAOI_WPF\Views\HistoryWindow.xaml.cs(272,17): error CS0103: The name 'FailCountTextBlock' does not exist in the current context [f:\Dev\Projects\AI Project\HaengSungAOI2\HaengSungAOI_WPF\HaengSungAOI_WPF.csproj]
     1>F:\Dev\Projects\AI Project\HaengSungAOI2\HaengSungAOI_WPF\Views\HistoryWindow.xaml.cs(273,17): error CS0103: The name 'PassRateTextBlock' does not exist in the current context [f:\Dev\Projects\AI Project\HaengSungAOI2\HaengSungAOI_WPF\HaengSungAOI_WPF.csproj]
     1>F:\Dev\Projects\AI Project\HaengSungAOI2\HaengSungAOI_WPF\Views\HistoryWindow.xaml.cs(285,45): error CS0103: The name 'InspectionResultsDataGrid' does not exist in the current context [f:\Dev\Projects\AI Project\HaengSungAOI2\HaengSungAOI_WPF\HaengSungAOI_WPF.csproj]
     1>F:\Dev\Projects\AI Project\HaengSungAOI2\HaengSungAOI_WPF\Views\ModelConfig.PLCOperations.cs(302,51): error CS1061: 'RobotPositionManager' does not contain a definition for 'OutfeedRobotPositions' and no accessible extension method 'OutfeedRobotPositions' accepting a first argument of type 'RobotPositionManager' could be found (are you missing a using directive or an assembly reference?) [f:\Dev\Projects\AI Project\HaengSungAOI2\HaengSungAOI_WPF\HaengSungAOI_WPF.csproj]
     1>F:\Dev\Projects\AI Project\HaengSungAOI2\HaengSungAOI_WPF\Views\HistoryWindow.xaml.cs(400,21): error CS0103: The name 'SelectedImage' does not exist in the current context [f:\Dev\Projects\AI Project\HaengSungAOI2\HaengSungAOI_WPF\HaengSungAOI_WPF.csproj]
     1>F:\Dev\Projects\AI Project\HaengSungAOI2\HaengSungAOI_WPF\Views\HistoryWindow.xaml.cs(404,21): error CS0103: The name 'SelectedImageTitle' does not exist in the current context [f:\Dev\Projects\AI Project\HaengSungAOI2\HaengSungAOI_WPF\HaengSungAOI_WPF.csproj]
     1>F:\Dev\Projects\AI Project\HaengSungAOI2\HaengSungAOI_WPF\Views\HistoryWindow.xaml.cs(421,21): error CS0103: The name 'SelectedImage' does not exist in the current context [f:\Dev\Projects\AI Project\HaengSungAOI2\HaengSungAOI_WPF\HaengSungAOI_WPF.csproj]
     1>F:\Dev\Projects\AI Project\HaengSungAOI2\HaengSungAOI_WPF\Views\HistoryWindow.xaml.cs(423,21): error CS0103: The name 'SelectedImageTitle' does not exist in the current context [f:\Dev\Projects\AI Project\HaengSungAOI2\HaengSungAOI_WPF\HaengSungAOI_WPF.csproj]
     1>F:\Dev\Projects\AI Project\HaengSungAOI2\HaengSungAOI_WPF\Views\HistoryWindow.xaml.cs(429,17): error CS0103: The name 'SelectedImage' does not exist in the current context [f:\Dev\Projects\AI Project\HaengSungAOI2\HaengSungAOI_WPF\HaengSungAOI_WPF.csproj]
     1>F:\Dev\Projects\AI Project\HaengSungAOI2\HaengSungAOI_WPF\Views\ModelConfig.PLCOperations.cs(371,51): error CS1061: 'RobotPositionManager' does not contain a definition for 'Inspect1RobotPositions' and no accessible extension method 'Inspect1RobotPositions' accepting a first argument of type 'RobotPositionManager' could be found (are you missing a using directive or an assembly reference?) [f:\Dev\Projects\AI Project\HaengSungAOI2\HaengSungAOI_WPF\HaengSungAOI_WPF.csproj]
     1>F:\Dev\Projects\AI Project\HaengSungAOI2\HaengSungAOI_WPF\Views\ModelConfig.PLCOperations.cs(389,51): error CS1061: 'RobotPositionManager' does not contain a definition for 'Inspect2RobotPositions' and no accessible extension method 'Inspect2RobotPositions' accepting a first argument of type 'RobotPositionManager' could be found (are you missing a using directive or an assembly reference?) [f:\Dev\Projects\AI Project\HaengSungAOI2\HaengSungAOI_WPF\HaengSungAOI_WPF.csproj]
     1>F:\Dev\Projects\AI Project\HaengSungAOI2\HaengSungAOI_WPF\Views\HistoryWindow.xaml.cs(469,13): error CS0103: The name 'SelectedImage' does not exist in the current context [f:\Dev\Projects\AI Project\HaengSungAOI2\HaengSungAOI_WPF\HaengSungAOI_WPF.csproj]
     1>F:\Dev\Projects\AI Project\HaengSungAOI2\HaengSungAOI_WPF\Views\HistoryWindow.xaml.cs(471,13): error CS0103: The name 'SelectedImageTitle' does not exist in the current context [f:\Dev\Projects\AI Project\HaengSungAOI2\HaengSungAOI_WPF\HaengSungAOI_WPF.csproj]
     1>F:\Dev\Projects\AI Project\HaengSungAOI2\HaengSungAOI_WPF\Views\HistoryWindow.xaml.cs(505,13): error CS0103: The name 'FromDatePicker' does not exist in the current context [f:\Dev\Projects\AI Project\HaengSungAOI2\HaengSungAOI_WPF\HaengSungAOI_WPF.csproj]
     1>F:\Dev\Projects\AI Project\HaengSungAOI2\HaengSungAOI_WPF\Views\HistoryWindow.xaml.cs(506,13): error CS0103: The name 'ToDatePicker' does not exist in the current context [f:\Dev\Projects\AI Project\HaengSungAOI2\HaengSungAOI_WPF\HaengSungAOI_WPF.csproj]
     1>F:\Dev\Projects\AI Project\HaengSungAOI2\HaengSungAOI_WPF\Views\HistoryWindow.xaml.cs(508,13): error CS0103: The name 'ResultFilterComboBox' does not exist in the current context [f:\Dev\Projects\AI Project\HaengSungAOI2\HaengSungAOI_WPF\HaengSungAOI_WPF.csproj]
     1>F:\Dev\Projects\AI Project\HaengSungAOI2\HaengSungAOI_WPF\Views\HistoryWindow.xaml.cs(509,13): error CS0103: The name 'ModelFilterComboBox' does not exist in the current context [f:\Dev\Projects\AI Project\HaengSungAOI2\HaengSungAOI_WPF\HaengSungAOI_WPF.csproj]
     1>F:\Dev\Projects\AI Project\HaengSungAOI2\HaengSungAOI_WPF\Views\HistoryWindow.xaml.cs(510,13): error CS0103: The name 'PCBCodeFilterTextBox' does not exist in the current context [f:\Dev\Projects\AI Project\HaengSungAOI2\HaengSungAOI_WPF\HaengSungAOI_WPF.csproj]
     1>F:\Dev\Projects\AI Project\HaengSungAOI2\HaengSungAOI_WPF\Views\HistoryWindow.xaml.cs(511,13): error CS0103: The name 'RecordLimitComboBox' does not exist in the current context [f:\Dev\Projects\AI Project\HaengSungAOI2\HaengSungAOI_WPF\HaengSungAOI_WPF.csproj]
     1>F:\Dev\Projects\AI Project\HaengSungAOI2\HaengSungAOI_WPF\Views\ModelConfig.RobotPositions.cs(31,13): error CS0103: The name 'InfeedRobotGrid' does not exist in the current context [f:\Dev\Projects\AI Project\HaengSungAOI2\HaengSungAOI_WPF\HaengSungAOI_WPF.csproj]
     1>F:\Dev\Projects\AI Project\HaengSungAOI2\HaengSungAOI_WPF\Views\ModelConfig.RobotPositions.cs(31,65): error CS1061: 'RobotPositionManager' does not contain a definition for 'InfeedRobotPositions' and no accessible extension method 'InfeedRobotPositions' accepting a first argument of type 'RobotPositionManager' could be found (are you missing a using directive or an assembly reference?) [f:\Dev\Projects\AI Project\HaengSungAOI2\HaengSungAOI_WPF\HaengSungAOI_WPF.csproj]
     1>F:\Dev\Projects\AI Project\HaengSungAOI2\HaengSungAOI_WPF\Views\ModelConfig.RobotPositions.cs(32,13): error CS0103: The name 'TransferRobotGrid' does not exist in the current context [f:\Dev\Projects\AI Project\HaengSungAOI2\HaengSungAOI_WPF\HaengSungAOI_WPF.csproj]
     1>F:\Dev\Projects\AI Project\HaengSungAOI2\HaengSungAOI_WPF\Views\ModelConfig.RobotPositions.cs(32,67): error CS1061: 'RobotPositionManager' does not contain a definition for 'TransferRobotPositions' and no accessible extension method 'TransferRobotPositions' accepting a first argument of type 'RobotPositionManager' could be found (are you missing a using directive or an assembly reference?) [f:\Dev\Projects\AI Project\HaengSungAOI2\HaengSungAOI_WPF\HaengSungAOI_WPF.csproj]
     1>F:\Dev\Projects\AI Project\HaengSungAOI2\HaengSungAOI_WPF\Views\ModelConfig.RobotPositions.cs(33,13): error CS0103: The name 'OutfeedRobotGrid' does not exist in the current context [f:\Dev\Projects\AI Project\HaengSungAOI2\HaengSungAOI_WPF\HaengSungAOI_WPF.csproj]
     1>F:\Dev\Projects\AI Project\HaengSungAOI2\HaengSungAOI_WPF\Views\ModelConfig.RobotPositions.cs(33,66): error CS1061: 'RobotPositionManager' does not contain a definition for 'OutfeedRobotPositions' and no accessible extension method 'OutfeedRobotPositions' accepting a first argument of type 'RobotPositionManager' could be found (are you missing a using directive or an assembly reference?) [f:\Dev\Projects\AI Project\HaengSungAOI2\HaengSungAOI_WPF\HaengSungAOI_WPF.csproj]
     1>F:\Dev\Projects\AI Project\HaengSungAOI2\HaengSungAOI_WPF\Views\ModelConfig.RobotPositions.cs(34,13): error CS0103: The name 'Inspect1RobotGrid' does not exist in the current context [f:\Dev\Projects\AI Project\HaengSungAOI2\HaengSungAOI_WPF\HaengSungAOI_WPF.csproj]
     1>F:\Dev\Projects\AI Project\HaengSungAOI2\HaengSungAOI_WPF\Views\ModelConfig.RobotPositions.cs(34,67): error CS1061: 'RobotPositionManager' does not contain a definition for 'Inspect1RobotPositions' and no accessible extension method 'Inspect1RobotPositions' accepting a first argument of type 'RobotPositionManager' could be found (are you missing a using directive or an assembly reference?) [f:\Dev\Projects\AI Project\HaengSungAOI2\HaengSungAOI_WPF\HaengSungAOI_WPF.csproj]
     1>F:\Dev\Projects\AI Project\HaengSungAOI2\HaengSungAOI_WPF\Views\ModelConfig.RobotPositions.cs(35,13): error CS0103: The name 'Inspect2RobotGrid' does not exist in the current context [f:\Dev\Projects\AI Project\HaengSungAOI2\HaengSungAOI_WPF\HaengSungAOI_WPF.csproj]
     1>F:\Dev\Projects\AI Project\HaengSungAOI2\HaengSungAOI_WPF\Views\ModelConfig.RobotPositions.cs(35,67): error CS1061: 'RobotPositionManager' does not contain a definition for 'Inspect2RobotPositions' and no accessible extension method 'Inspect2RobotPositions' accepting a first argument of type 'RobotPositionManager' could be found (are you missing a using directive or an assembly reference?) [f:\Dev\Projects\AI Project\HaengSungAOI2\HaengSungAOI_WPF\HaengSungAOI_WPF.csproj]
     1>F:\Dev\Projects\AI Project\HaengSungAOI2\HaengSungAOI_WPF\Views\ModelConfig.RobotPositions.cs(38,35): error CS1061: 'RobotPositionManager' does not contain a definition for 'InfeedRobotPositions' and no accessible extension method 'InfeedRobotPositions' accepting a first argument of type 'RobotPositionManager' could be found (are you missing a using directive or an assembly reference?) [f:\Dev\Projects\AI Project\HaengSungAOI2\HaengSungAOI_WPF\HaengSungAOI_WPF.csproj]
     1>F:\Dev\Projects\AI Project\HaengSungAOI2\HaengSungAOI_WPF\Views\ModelConfig.RobotPositions.cs(39,35): error CS1061: 'RobotPositionManager' does not contain a definition for 'TransferRobotPositions' and no accessible extension method 'TransferRobotPositions' accepting a first argument of type 'RobotPositionManager' could be found (are you missing a using directive or an assembly reference?) [f:\Dev\Projects\AI Project\HaengSungAOI2\HaengSungAOI_WPF\HaengSungAOI_WPF.csproj]
     1>F:\Dev\Projects\AI Project\HaengSungAOI2\HaengSungAOI_WPF\Views\ModelConfig.RobotPositions.cs(40,35): error CS1061: 'RobotPositionManager' does not contain a definition for 'OutfeedRobotPositions' and no accessible extension method 'OutfeedRobotPositions' accepting a first argument of type 'RobotPositionManager' could be found (are you missing a using directive or an assembly reference?) [f:\Dev\Projects\AI Project\HaengSungAOI2\HaengSungAOI_WPF\HaengSungAOI_WPF.csproj]
     1>F:\Dev\Projects\AI Project\HaengSungAOI2\HaengSungAOI_WPF\Views\ModelConfig.RobotPositions.cs(41,35): error CS1061: 'RobotPositionManager' does not contain a definition for 'Inspect1RobotPositions' and no accessible extension method 'Inspect1RobotPositions' accepting a first argument of type 'RobotPositionManager' could be found (are you missing a using directive or an assembly reference?) [f:\Dev\Projects\AI Project\HaengSungAOI2\HaengSungAOI_WPF\HaengSungAOI_WPF.csproj]
     1>F:\Dev\Projects\AI Project\HaengSungAOI2\HaengSungAOI_WPF\Views\ModelConfig.RobotPositions.cs(42,35): error CS1061: 'RobotPositionManager' does not contain a definition for 'Inspect2RobotPositions' and no accessible extension method 'Inspect2RobotPositions' accepting a first argument of type 'RobotPositionManager' could be found (are you missing a using directive or an assembly reference?) [f:\Dev\Projects\AI Project\HaengSungAOI2\HaengSungAOI_WPF\HaengSungAOI_WPF.csproj]
     1>F:\Dev\Projects\AI Project\HaengSungAOI2\HaengSungAOI_WPF\Views\SettingsWindow.xaml.cs(127,13): error CS0103: The name 'ReadAllButton' does not exist in the current context [f:\Dev\Projects\AI Project\HaengSungAOI2\HaengSungAOI_WPF\HaengSungAOI_WPF.csproj]
     1>F:\Dev\Projects\AI Project\HaengSungAOI2\HaengSungAOI_WPF\Views\SettingsWindow.xaml.cs(128,13): error CS0103: The name 'WriteAllButton' does not exist in the current context [f:\Dev\Projects\AI Project\HaengSungAOI2\HaengSungAOI_WPF\HaengSungAOI_WPF.csproj]
     1>F:\Dev\Projects\AI Project\HaengSungAOI2\HaengSungAOI_WPF\Views\SettingsWindow.xaml.cs(129,13): error CS0103: The name 'RefreshButton' does not exist in the current context [f:\Dev\Projects\AI Project\HaengSungAOI2\HaengSungAOI_WPF\HaengSungAOI_WPF.csproj]
     1>F:\Dev\Projects\AI Project\HaengSungAOI2\HaengSungAOI_WPF\Views\SettingsWindow.xaml.cs(297,17): error CS0103: The name 'ReadAllButton' does not exist in the current context [f:\Dev\Projects\AI Project\HaengSungAOI2\HaengSungAOI_WPF\HaengSungAOI_WPF.csproj]
     1>F:\Dev\Projects\AI Project\HaengSungAOI2\HaengSungAOI_WPF\Views\SettingsWindow.xaml.cs(298,17): error CS0103: The name 'WriteAllButton' does not exist in the current context [f:\Dev\Projects\AI Project\HaengSungAOI2\HaengSungAOI_WPF\HaengSungAOI_WPF.csproj]
     1>F:\Dev\Projects\AI Project\HaengSungAOI2\HaengSungAOI_WPF\Views\SettingsWindow.xaml.cs(299,17): error CS0103: The name 'RefreshButton' does not exist in the current context [f:\Dev\Projects\AI Project\HaengSungAOI2\HaengSungAOI_WPF\HaengSungAOI_WPF.csproj]
     1>F:\Dev\Projects\AI Project\HaengSungAOI2\HaengSungAOI_WPF\Views\ModelConfig.RobotPositions.cs(337,55): error CS0103: The name '_currentModel' does not exist in the current context [f:\Dev\Projects\AI Project\HaengSungAOI2\HaengSungAOI_WPF\HaengSungAOI_WPF.csproj]
     1>F:\Dev\Projects\AI Project\HaengSungAOI2\HaengSungAOI_WPF\Views\ModelConfig.RobotPositions.cs(342,57): error CS0103: The name '_currentModel' does not exist in the current context [f:\Dev\Projects\AI Project\HaengSungAOI2\HaengSungAOI_WPF\HaengSungAOI_WPF.csproj]
     1>F:\Dev\Projects\AI Project\HaengSungAOI2\HaengSungAOI_WPF\Views\ModelConfig.RobotPositions.cs(347,56): error CS0103: The name '_currentModel' does not exist in the current context [f:\Dev\Projects\AI Project\HaengSungAOI2\HaengSungAOI_WPF\HaengSungAOI_WPF.csproj]
     1>F:\Dev\Projects\AI Project\HaengSungAOI2\HaengSungAOI_WPF\Views\ModelConfig.RobotPositions.cs(352,57): error CS0103: The name '_currentModel' does not exist in the current context [f:\Dev\Projects\AI Project\HaengSungAOI2\HaengSungAOI_WPF\HaengSungAOI_WPF.csproj]
     1>F:\Dev\Projects\AI Project\HaengSungAOI2\HaengSungAOI_WPF\Views\ModelConfig.RobotPositions.cs(357,57): error CS0103: The name '_currentModel' does not exist in the current context [f:\Dev\Projects\AI Project\HaengSungAOI2\HaengSungAOI_WPF\HaengSungAOI_WPF.csproj]
     1>F:\Dev\Projects\AI Project\HaengSungAOI2\HaengSungAOI_WPF\Views\ModelConfig.RobotPositions.cs(362,55): error CS0103: The name '_currentModel' does not exist in the current context [f:\Dev\Projects\AI Project\HaengSungAOI2\HaengSungAOI_WPF\HaengSungAOI_WPF.csproj]
     1>F:\Dev\Projects\AI Project\HaengSungAOI2\HaengSungAOI_WPF\Views\ModelConfig.RobotPositions.cs(367,57): error CS0103: The name '_currentModel' does not exist in the current context [f:\Dev\Projects\AI Project\HaengSungAOI2\HaengSungAOI_WPF\HaengSungAOI_WPF.csproj]
     1>F:\Dev\Projects\AI Project\HaengSungAOI2\HaengSungAOI_WPF\Views\ModelConfig.RobotPositions.cs(372,56): error CS0103: The name '_currentModel' does not exist in the current context [f:\Dev\Projects\AI Project\HaengSungAOI2\HaengSungAOI_WPF\HaengSungAOI_WPF.csproj]
     1>F:\Dev\Projects\AI Project\HaengSungAOI2\HaengSungAOI_WPF\Views\RobotJogWindow.xaml.cs(702,46): error CS0103: The name 'JogControlsGrid' does not exist in the current context [f:\Dev\Projects\AI Project\HaengSungAOI2\HaengSungAOI_WPF\HaengSungAOI_WPF.csproj]
     1>F:\Dev\Projects\AI Project\HaengSungAOI2\HaengSungAOI_WPF\Views\ModelConfig.RobotPositions.cs(377,57): error CS0103: The name '_currentModel' does not exist in the current context [f:\Dev\Projects\AI Project\HaengSungAOI2\HaengSungAOI_WPF\HaengSungAOI_WPF.csproj]
     1>F:\Dev\Projects\AI Project\HaengSungAOI2\HaengSungAOI_WPF\Views\ModelConfig.RobotPositions.cs(382,57): error CS0103: The name '_currentModel' does not exist in the current context [f:\Dev\Projects\AI Project\HaengSungAOI2\HaengSungAOI_WPF\HaengSungAOI_WPF.csproj]
     1>F:\Dev\Projects\AI Project\HaengSungAOI2\HaengSungAOI_WPF\Views\ModelConfig.RobotPositions.cs(391,17): error CS0103: The name 'InfeedRobotGrid' does not exist in the current context [f:\Dev\Projects\AI Project\HaengSungAOI2\HaengSungAOI_WPF\HaengSungAOI_WPF.csproj]
     1>F:\Dev\Projects\AI Project\HaengSungAOI2\HaengSungAOI_WPF\Views\ModelConfig.RobotPositions.cs(400,21): error CS0103: The name 'InfeedRobotGrid' does not exist in the current context [f:\Dev\Projects\AI Project\HaengSungAOI2\HaengSungAOI_WPF\HaengSungAOI_WPF.csproj]
     1>F:\Dev\Projects\AI Project\HaengSungAOI2\HaengSungAOI_WPF\Views\ModelConfig.RobotPositions.cs(401,21): error CS0103: The name '_isModelDataChanged' does not exist in the current context [f:\Dev\Projects\AI Project\HaengSungAOI2\HaengSungAOI_WPF\HaengSungAOI_WPF.csproj]
     1>F:\Dev\Projects\AI Project\HaengSungAOI2\HaengSungAOI_WPF\Views\RobotJogWindow.xaml.cs(730,13): error CS0103: The name 'InfeedAxesGroup' does not exist in the current context [f:\Dev\Projects\AI Project\HaengSungAOI2\HaengSungAOI_WPF\HaengSungAOI_WPF.csproj]
     1>F:\Dev\Projects\AI Project\HaengSungAOI2\HaengSungAOI_WPF\Views\RobotJogWindow.xaml.cs(731,13): error CS0103: The name 'TransferAxesGroup' does not exist in the current context [f:\Dev\Projects\AI Project\HaengSungAOI2\HaengSungAOI_WPF\HaengSungAOI_WPF.csproj]
     1>F:\Dev\Projects\AI Project\HaengSungAOI2\HaengSungAOI_WPF\Views\RobotJogWindow.xaml.cs(732,13): error CS0103: The name 'OutfeedAxesGroup' does not exist in the current context [f:\Dev\Projects\AI Project\HaengSungAOI2\HaengSungAOI_WPF\HaengSungAOI_WPF.csproj]
     1>F:\Dev\Projects\AI Project\HaengSungAOI2\HaengSungAOI_WPF\Views\RobotJogWindow.xaml.cs(733,13): error CS0103: The name 'Inspect1AxesGroup' does not exist in the current context [f:\Dev\Projects\AI Project\HaengSungAOI2\HaengSungAOI_WPF\HaengSungAOI_WPF.csproj]
     1>F:\Dev\Projects\AI Project\HaengSungAOI2\HaengSungAOI_WPF\Views\RobotJogWindow.xaml.cs(734,13): error CS0103: The name 'Inspect2AxesGroup' does not exist in the current context [f:\Dev\Projects\AI Project\HaengSungAOI2\HaengSungAOI_WPF\HaengSungAOI_WPF.csproj]
     1>F:\Dev\Projects\AI Project\HaengSungAOI2\HaengSungAOI_WPF\Views\RobotJogWindow.xaml.cs(740,21): error CS0103: The name 'InfeedAxesGroup' does not exist in the current context [f:\Dev\Projects\AI Project\HaengSungAOI2\HaengSungAOI_WPF\HaengSungAOI_WPF.csproj]
     1>F:\Dev\Projects\AI Project\HaengSungAOI2\HaengSungAOI_WPF\Views\RobotJogWindow.xaml.cs(744,21): error CS0103: The name 'TransferAxesGroup' does not exist in the current context [f:\Dev\Projects\AI Project\HaengSungAOI2\HaengSungAOI_WPF\HaengSungAOI_WPF.csproj]
     1>F:\Dev\Projects\AI Project\HaengSungAOI2\HaengSungAOI_WPF\Views\RobotJogWindow.xaml.cs(748,21): error CS0103: The name 'OutfeedAxesGroup' does not exist in the current context [f:\Dev\Projects\AI Project\HaengSungAOI2\HaengSungAOI_WPF\HaengSungAOI_WPF.csproj]
     1>F:\Dev\Projects\AI Project\HaengSungAOI2\HaengSungAOI_WPF\Views\RobotJogWindow.xaml.cs(752,21): error CS0103: The name 'Inspect1AxesGroup' does not exist in the current context [f:\Dev\Projects\AI Project\HaengSungAOI2\HaengSungAOI_WPF\HaengSungAOI_WPF.csproj]
     1>F:\Dev\Projects\AI Project\HaengSungAOI2\HaengSungAOI_WPF\Views\RobotJogWindow.xaml.cs(756,21): error CS0103: The name 'Inspect2AxesGroup' does not exist in the current context [f:\Dev\Projects\AI Project\HaengSungAOI2\HaengSungAOI_WPF\HaengSungAOI_WPF.csproj]
     1>F:\Dev\Projects\AI Project\HaengSungAOI2\HaengSungAOI_WPF\Views\ModelConfig.RobotPositions.cs(422,17): error CS0103: The name 'InfeedRobotGrid' does not exist in the current context [f:\Dev\Projects\AI Project\HaengSungAOI2\HaengSungAOI_WPF\HaengSungAOI_WPF.csproj]
     1>F:\Dev\Projects\AI Project\HaengSungAOI2\HaengSungAOI_WPF\Views\ModelConfig.RobotPositions.cs(476,31): error CS0103: The name '_mainWindow' does not exist in the current context [f:\Dev\Projects\AI Project\HaengSungAOI2\HaengSungAOI_WPF\HaengSungAOI_WPF.csproj]
     1>F:\Dev\Projects\AI Project\HaengSungAOI2\HaengSungAOI_WPF\Views\ModelConfig.RobotPositions.cs(498,17): error CS0103: The name 'TransferRobotGrid' does not exist in the current context [f:\Dev\Projects\AI Project\HaengSungAOI2\HaengSungAOI_WPF\HaengSungAOI_WPF.csproj]
     1>F:\Dev\Projects\AI Project\HaengSungAOI2\HaengSungAOI_WPF\Views\ModelConfig.RobotPositions.cs(505,21): error CS0103: The name 'TransferRobotGrid' does not exist in the current context [f:\Dev\Projects\AI Project\HaengSungAOI2\HaengSungAOI_WPF\HaengSungAOI_WPF.csproj]
     1>F:\Dev\Projects\AI Project\HaengSungAOI2\HaengSungAOI_WPF\Views\ModelConfig.RobotPositions.cs(506,21): error CS0103: The name '_isModelDataChanged' does not exist in the current context [f:\Dev\Projects\AI Project\HaengSungAOI2\HaengSungAOI_WPF\HaengSungAOI_WPF.csproj]
     1>F:\Dev\Projects\AI Project\HaengSungAOI2\HaengSungAOI_WPF\Views\RobotJogWindow.xaml.cs(769,13): error CS0103: The name 'JogXPlusBtn' does not exist in the current context [f:\Dev\Projects\AI Project\HaengSungAOI2\HaengSungAOI_WPF\HaengSungAOI_WPF.csproj]
     1>F:\Dev\Projects\AI Project\HaengSungAOI2\HaengSungAOI_WPF\Views\RobotJogWindow.xaml.cs(770,13): error CS0103: The name 'JogXMinusBtn' does not exist in the current context [f:\Dev\Projects\AI Project\HaengSungAOI2\HaengSungAOI_WPF\HaengSungAOI_WPF.csproj]
     1>F:\Dev\Projects\AI Project\HaengSungAOI2\HaengSungAOI_WPF\Views\RobotJogWindow.xaml.cs(771,13): error CS0103: The name 'JogYPlusBtn' does not exist in the current context [f:\Dev\Projects\AI Project\HaengSungAOI2\HaengSungAOI_WPF\HaengSungAOI_WPF.csproj]
     1>F:\Dev\Projects\AI Project\HaengSungAOI2\HaengSungAOI_WPF\Views\RobotJogWindow.xaml.cs(772,13): error CS0103: The name 'JogYMinusBtn' does not exist in the current context [f:\Dev\Projects\AI Project\HaengSungAOI2\HaengSungAOI_WPF\HaengSungAOI_WPF.csproj]
     1>F:\Dev\Projects\AI Project\HaengSungAOI2\HaengSungAOI_WPF\Views\RobotJogWindow.xaml.cs(775,13): error CS0103: The name 'JogZPlusBtn' does not exist in the current context [f:\Dev\Projects\AI Project\HaengSungAOI2\HaengSungAOI_WPF\HaengSungAOI_WPF.csproj]
     1>F:\Dev\Projects\AI Project\HaengSungAOI2\HaengSungAOI_WPF\Views\RobotJogWindow.xaml.cs(776,13): error CS0103: The name 'JogZMinusBtn' does not exist in the current context [f:\Dev\Projects\AI Project\HaengSungAOI2\HaengSungAOI_WPF\HaengSungAOI_WPF.csproj]
     1>F:\Dev\Projects\AI Project\HaengSungAOI2\HaengSungAOI_WPF\Views\RobotJogWindow.xaml.cs(779,13): error CS0103: The name 'JogZ61MinusBtn' does not exist in the current context [f:\Dev\Projects\AI Project\HaengSungAOI2\HaengSungAOI_WPF\HaengSungAOI_WPF.csproj]
     1>F:\Dev\Projects\AI Project\HaengSungAOI2\HaengSungAOI_WPF\Views\RobotJogWindow.xaml.cs(780,13): error CS0103: The name 'JogZ61PlusBtn' does not exist in the current context [f:\Dev\Projects\AI Project\HaengSungAOI2\HaengSungAOI_WPF\HaengSungAOI_WPF.csproj]
     1>F:\Dev\Projects\AI Project\HaengSungAOI2\HaengSungAOI_WPF\Views\RobotJogWindow.xaml.cs(781,13): error CS0103: The name 'JogZ62MinusBtn' does not exist in the current context [f:\Dev\Projects\AI Project\HaengSungAOI2\HaengSungAOI_WPF\HaengSungAOI_WPF.csproj]
     1>F:\Dev\Projects\AI Project\HaengSungAOI2\HaengSungAOI_WPF\Views\RobotJogWindow.xaml.cs(782,13): error CS0103: The name 'JogZ62PlusBtn' does not exist in the current context [f:\Dev\Projects\AI Project\HaengSungAOI2\HaengSungAOI_WPF\HaengSungAOI_WPF.csproj]
     1>F:\Dev\Projects\AI Project\HaengSungAOI2\HaengSungAOI_WPF\Views\RobotJogWindow.xaml.cs(785,13): error CS0103: The name 'JogRPlusBtn' does not exist in the current context [f:\Dev\Projects\AI Project\HaengSungAOI2\HaengSungAOI_WPF\HaengSungAOI_WPF.csproj]
     1>F:\Dev\Projects\AI Project\HaengSungAOI2\HaengSungAOI_WPF\Views\RobotJogWindow.xaml.cs(786,13): error CS0103: The name 'JogRMinusBtn' does not exist in the current context [f:\Dev\Projects\AI Project\HaengSungAOI2\HaengSungAOI_WPF\HaengSungAOI_WPF.csproj]
     1>F:\Dev\Projects\AI Project\HaengSungAOI2\HaengSungAOI_WPF\Views\RobotJogWindow.xaml.cs(789,13): error CS0103: The name 'CylinderTrayUpBtn' does not exist in the current context [f:\Dev\Projects\AI Project\HaengSungAOI2\HaengSungAOI_WPF\HaengSungAOI_WPF.csproj]
     1>F:\Dev\Projects\AI Project\HaengSungAOI2\HaengSungAOI_WPF\Views\RobotJogWindow.xaml.cs(790,13): error CS0103: The name 'CylinderTrayDownBtn' does not exist in the current context [f:\Dev\Projects\AI Project\HaengSungAOI2\HaengSungAOI_WPF\HaengSungAOI_WPF.csproj]
     1>F:\Dev\Projects\AI Project\HaengSungAOI2\HaengSungAOI_WPF\Views\RobotJogWindow.xaml.cs(791,13): error CS0103: The name 'VacuumTrayOnBtn' does not exist in the current context [f:\Dev\Projects\AI Project\HaengSungAOI2\HaengSungAOI_WPF\HaengSungAOI_WPF.csproj]
     1>F:\Dev\Projects\AI Project\HaengSungAOI2\HaengSungAOI_WPF\Views\RobotJogWindow.xaml.cs(792,13): error CS0103: The name 'VacuumTrayOffBtn' does not exist in the current context [f:\Dev\Projects\AI Project\HaengSungAOI2\HaengSungAOI_WPF\HaengSungAOI_WPF.csproj]
     1>F:\Dev\Projects\AI Project\HaengSungAOI2\HaengSungAOI_WPF\Views\RobotJogWindow.xaml.cs(793,13): error CS0103: The name 'CylinderUpBtn' does not exist in the current context [f:\Dev\Projects\AI Project\HaengSungAOI2\HaengSungAOI_WPF\HaengSungAOI_WPF.csproj]
     1>F:\Dev\Projects\AI Project\HaengSungAOI2\HaengSungAOI_WPF\Views\RobotJogWindow.xaml.cs(794,13): error CS0103: The name 'CylinderDownBtn' does not exist in the current context [f:\Dev\Projects\AI Project\HaengSungAOI2\HaengSungAOI_WPF\HaengSungAOI_WPF.csproj]
     1>F:\Dev\Projects\AI Project\HaengSungAOI2\HaengSungAOI_WPF\Views\RobotJogWindow.xaml.cs(795,13): error CS0103: The name 'VacuumOnBtn' does not exist in the current context [f:\Dev\Projects\AI Project\HaengSungAOI2\HaengSungAOI_WPF\HaengSungAOI_WPF.csproj]
     1>F:\Dev\Projects\AI Project\HaengSungAOI2\HaengSungAOI_WPF\Views\RobotJogWindow.xaml.cs(796,13): error CS0103: The name 'VacuumOffBtn' does not exist in the current context [f:\Dev\Projects\AI Project\HaengSungAOI2\HaengSungAOI_WPF\HaengSungAOI_WPF.csproj]
     1>F:\Dev\Projects\AI Project\HaengSungAOI2\HaengSungAOI_WPF\Views\RobotJogWindow.xaml.cs(802,13): error CS0103: The name 'JogSpeedAxis1Label' does not exist in the current context [f:\Dev\Projects\AI Project\HaengSungAOI2\HaengSungAOI_WPF\HaengSungAOI_WPF.csproj]
     1>F:\Dev\Projects\AI Project\HaengSungAOI2\HaengSungAOI_WPF\Views\RobotJogWindow.xaml.cs(803,13): error CS0103: The name 'JogSpeedAxis2Label' does not exist in the current context [f:\Dev\Projects\AI Project\HaengSungAOI2\HaengSungAOI_WPF\HaengSungAOI_WPF.csproj]
     1>F:\Dev\Projects\AI Project\HaengSungAOI2\HaengSungAOI_WPF\Views\RobotJogWindow.xaml.cs(804,13): error CS0103: The name 'JogSpeedAxis3Label' does not exist in the current context [f:\Dev\Projects\AI Project\HaengSungAOI2\HaengSungAOI_WPF\HaengSungAOI_WPF.csproj]
     1>F:\Dev\Projects\AI Project\HaengSungAOI2\HaengSungAOI_WPF\Views\RobotJogWindow.xaml.cs(805,13): error CS0103: The name 'JogSpeedAxis3Panel' does not exist in the current context [f:\Dev\Projects\AI Project\HaengSungAOI2\HaengSungAOI_WPF\HaengSungAOI_WPF.csproj]
     1>F:\Dev\Projects\AI Project\HaengSungAOI2\HaengSungAOI_WPF\Views\ModelConfig.RobotPositions.cs(527,17): error CS0103: The name 'TransferRobotGrid' does not exist in the current context [f:\Dev\Projects\AI Project\HaengSungAOI2\HaengSungAOI_WPF\HaengSungAOI_WPF.csproj]
     1>F:\Dev\Projects\AI Project\HaengSungAOI2\HaengSungAOI_WPF\Views\ModelConfig.RobotPositions.cs(577,31): error CS0103: The name '_mainWindow' does not exist in the current context [f:\Dev\Projects\AI Project\HaengSungAOI2\HaengSungAOI_WPF\HaengSungAOI_WPF.csproj]
     1>F:\Dev\Projects\AI Project\HaengSungAOI2\HaengSungAOI_WPF\Views\RobotJogWindow.xaml.cs(811,13): error CS0103: The name 'JogXPlusBtn' does not exist in the current context [f:\Dev\Projects\AI Project\HaengSungAOI2\HaengSungAOI_WPF\HaengSungAOI_WPF.csproj]
     1>F:\Dev\Projects\AI Project\HaengSungAOI2\HaengSungAOI_WPF\Views\RobotJogWindow.xaml.cs(812,13): error CS0103: The name 'JogXMinusBtn' does not exist in the current context [f:\Dev\Projects\AI Project\HaengSungAOI2\HaengSungAOI_WPF\HaengSungAOI_WPF.csproj]
     1>F:\Dev\Projects\AI Project\HaengSungAOI2\HaengSungAOI_WPF\Views\RobotJogWindow.xaml.cs(815,13): error CS0103: The name 'JogYPlusBtn' does not exist in the current context [f:\Dev\Projects\AI Project\HaengSungAOI2\HaengSungAOI_WPF\HaengSungAOI_WPF.csproj]
     1>F:\Dev\Projects\AI Project\HaengSungAOI2\HaengSungAOI_WPF\Views\RobotJogWindow.xaml.cs(816,13): error CS0103: The name 'JogYMinusBtn' does not exist in the current context [f:\Dev\Projects\AI Project\HaengSungAOI2\HaengSungAOI_WPF\HaengSungAOI_WPF.csproj]
     1>F:\Dev\Projects\AI Project\HaengSungAOI2\HaengSungAOI_WPF\Views\RobotJogWindow.xaml.cs(819,13): error CS0103: The name 'JogZPlusBtn' does not exist in the current context [f:\Dev\Projects\AI Project\HaengSungAOI2\HaengSungAOI_WPF\HaengSungAOI_WPF.csproj]
     1>F:\Dev\Projects\AI Project\HaengSungAOI2\HaengSungAOI_WPF\Views\RobotJogWindow.xaml.cs(820,13): error CS0103: The name 'JogZMinusBtn' does not exist in the current context [f:\Dev\Projects\AI Project\HaengSungAOI2\HaengSungAOI_WPF\HaengSungAOI_WPF.csproj]
     1>F:\Dev\Projects\AI Project\HaengSungAOI2\HaengSungAOI_WPF\Views\RobotJogWindow.xaml.cs(823,13): error CS0103: The name 'JogZ61MinusBtn' does not exist in the current context [f:\Dev\Projects\AI Project\HaengSungAOI2\HaengSungAOI_WPF\HaengSungAOI_WPF.csproj]
     1>F:\Dev\Projects\AI Project\HaengSungAOI2\HaengSungAOI_WPF\Views\RobotJogWindow.xaml.cs(824,13): error CS0103: The name 'JogZ61PlusBtn' does not exist in the current context [f:\Dev\Projects\AI Project\HaengSungAOI2\HaengSungAOI_WPF\HaengSungAOI_WPF.csproj]
     1>F:\Dev\Projects\AI Project\HaengSungAOI2\HaengSungAOI_WPF\Views\RobotJogWindow.xaml.cs(825,13): error CS0103: The name 'JogZ62MinusBtn' does not exist in the current context [f:\Dev\Projects\AI Project\HaengSungAOI2\HaengSungAOI_WPF\HaengSungAOI_WPF.csproj]
     1>F:\Dev\Projects\AI Project\HaengSungAOI2\HaengSungAOI_WPF\Views\RobotJogWindow.xaml.cs(826,13): error CS0103: The name 'JogZ62PlusBtn' does not exist in the current context [f:\Dev\Projects\AI Project\HaengSungAOI2\HaengSungAOI_WPF\HaengSungAOI_WPF.csproj]
     1>F:\Dev\Projects\AI Project\HaengSungAOI2\HaengSungAOI_WPF\Views\RobotJogWindow.xaml.cs(829,13): error CS0103: The name 'JogRPlusBtn' does not exist in the current context [f:\Dev\Projects\AI Project\HaengSungAOI2\HaengSungAOI_WPF\HaengSungAOI_WPF.csproj]
     1>F:\Dev\Projects\AI Project\HaengSungAOI2\HaengSungAOI_WPF\Views\RobotJogWindow.xaml.cs(830,13): error CS0103: The name 'JogRMinusBtn' does not exist in the current context [f:\Dev\Projects\AI Project\HaengSungAOI2\HaengSungAOI_WPF\HaengSungAOI_WPF.csproj]
     1>F:\Dev\Projects\AI Project\HaengSungAOI2\HaengSungAOI_WPF\Views\RobotJogWindow.xaml.cs(833,13): error CS0103: The name 'CylinderTrayUpBtn' does not exist in the current context [f:\Dev\Projects\AI Project\HaengSungAOI2\HaengSungAOI_WPF\HaengSungAOI_WPF.csproj]
     1>F:\Dev\Projects\AI Project\HaengSungAOI2\HaengSungAOI_WPF\Views\RobotJogWindow.xaml.cs(834,13): error CS0103: The name 'CylinderTrayDownBtn' does not exist in the current context [f:\Dev\Projects\AI Project\HaengSungAOI2\HaengSungAOI_WPF\HaengSungAOI_WPF.csproj]
     1>F:\Dev\Projects\AI Project\HaengSungAOI2\HaengSungAOI_WPF\Views\RobotJogWindow.xaml.cs(835,13): error CS0103: The name 'VacuumTrayOnBtn' does not exist in the current context [f:\Dev\Projects\AI Project\HaengSungAOI2\HaengSungAOI_WPF\HaengSungAOI_WPF.csproj]
     1>F:\Dev\Projects\AI Project\HaengSungAOI2\HaengSungAOI_WPF\Views\RobotJogWindow.xaml.cs(836,13): error CS0103: The name 'VacuumTrayOffBtn' does not exist in the current context [f:\Dev\Projects\AI Project\HaengSungAOI2\HaengSungAOI_WPF\HaengSungAOI_WPF.csproj]
     1>F:\Dev\Projects\AI Project\HaengSungAOI2\HaengSungAOI_WPF\Views\RobotJogWindow.xaml.cs(837,13): error CS0103: The name 'CylinderUpBtn' does not exist in the current context [f:\Dev\Projects\AI Project\HaengSungAOI2\HaengSungAOI_WPF\HaengSungAOI_WPF.csproj]
     1>F:\Dev\Projects\AI Project\HaengSungAOI2\HaengSungAOI_WPF\Views\RobotJogWindow.xaml.cs(838,13): error CS0103: The name 'CylinderDownBtn' does not exist in the current context [f:\Dev\Projects\AI Project\HaengSungAOI2\HaengSungAOI_WPF\HaengSungAOI_WPF.csproj]
     1>F:\Dev\Projects\AI Project\HaengSungAOI2\HaengSungAOI_WPF\Views\RobotJogWindow.xaml.cs(839,13): error CS0103: The name 'VacuumOnBtn' does not exist in the current context [f:\Dev\Projects\AI Project\HaengSungAOI2\HaengSungAOI_WPF\HaengSungAOI_WPF.csproj]
     1>F:\Dev\Projects\AI Project\HaengSungAOI2\HaengSungAOI_WPF\Views\RobotJogWindow.xaml.cs(840,13): error CS0103: The name 'VacuumOffBtn' does not exist in the current context [f:\Dev\Projects\AI Project\HaengSungAOI2\HaengSungAOI_WPF\HaengSungAOI_WPF.csproj]
     1>F:\Dev\Projects\AI Project\HaengSungAOI2\HaengSungAOI_WPF\Views\RobotJogWindow.xaml.cs(846,13): error CS0103: The name 'JogSpeedAxis1Label' does not exist in the current context [f:\Dev\Projects\AI Project\HaengSungAOI2\HaengSungAOI_WPF\HaengSungAOI_WPF.csproj]
     1>F:\Dev\Projects\AI Project\HaengSungAOI2\HaengSungAOI_WPF\Views\RobotJogWindow.xaml.cs(847,13): error CS0103: The name 'JogSpeedAxis2Label' does not exist in the current context [f:\Dev\Projects\AI Project\HaengSungAOI2\HaengSungAOI_WPF\HaengSungAOI_WPF.csproj]
     1>F:\Dev\Projects\AI Project\HaengSungAOI2\HaengSungAOI_WPF\Views\RobotJogWindow.xaml.cs(848,13): error CS0103: The name 'JogSpeedAxis3Panel' does not exist in the current context [f:\Dev\Projects\AI Project\HaengSungAOI2\HaengSungAOI_WPF\HaengSungAOI_WPF.csproj]
     1>F:\Dev\Projects\AI Project\HaengSungAOI2\HaengSungAOI_WPF\Views\RobotJogWindow.xaml.cs(854,13): error CS0103: The name 'JogXPlusBtn' does not exist in the current context [f:\Dev\Projects\AI Project\HaengSungAOI2\HaengSungAOI_WPF\HaengSungAOI_WPF.csproj]
     1>F:\Dev\Projects\AI Project\HaengSungAOI2\HaengSungAOI_WPF\Views\RobotJogWindow.xaml.cs(855,13): error CS0103: The name 'JogXMinusBtn' does not exist in the current context [f:\Dev\Projects\AI Project\HaengSungAOI2\HaengSungAOI_WPF\HaengSungAOI_WPF.csproj]
     1>F:\Dev\Projects\AI Project\HaengSungAOI2\HaengSungAOI_WPF\Views\RobotJogWindow.xaml.cs(856,13): error CS0103: The name 'JogYPlusBtn' does not exist in the current context [f:\Dev\Projects\AI Project\HaengSungAOI2\HaengSungAOI_WPF\HaengSungAOI_WPF.csproj]
     1>F:\Dev\Projects\AI Project\HaengSungAOI2\HaengSungAOI_WPF\Views\RobotJogWindow.xaml.cs(857,13): error CS0103: The name 'JogYMinusBtn' does not exist in the current context [f:\Dev\Projects\AI Project\HaengSungAOI2\HaengSungAOI_WPF\HaengSungAOI_WPF.csproj]
     1>F:\Dev\Projects\AI Project\HaengSungAOI2\HaengSungAOI_WPF\Views\RobotJogWindow.xaml.cs(860,13): error CS0103: The name 'JogZPlusBtn' does not exist in the current context [f:\Dev\Projects\AI Project\HaengSungAOI2\HaengSungAOI_WPF\HaengSungAOI_WPF.csproj]
     1>F:\Dev\Projects\AI Project\HaengSungAOI2\HaengSungAOI_WPF\Views\RobotJogWindow.xaml.cs(861,13): error CS0103: The name 'JogZMinusBtn' does not exist in the current context [f:\Dev\Projects\AI Project\HaengSungAOI2\HaengSungAOI_WPF\HaengSungAOI_WPF.csproj]
     1>F:\Dev\Projects\AI Project\HaengSungAOI2\HaengSungAOI_WPF\Views\RobotJogWindow.xaml.cs(864,13): error CS0103: The name 'JogZ61MinusBtn' does not exist in the current context [f:\Dev\Projects\AI Project\HaengSungAOI2\HaengSungAOI_WPF\HaengSungAOI_WPF.csproj]
     1>F:\Dev\Projects\AI Project\HaengSungAOI2\HaengSungAOI_WPF\Views\RobotJogWindow.xaml.cs(865,13): error CS0103: The name 'JogZ61PlusBtn' does not exist in the current context [f:\Dev\Projects\AI Project\HaengSungAOI2\HaengSungAOI_WPF\HaengSungAOI_WPF.csproj]
     1>F:\Dev\Projects\AI Project\HaengSungAOI2\HaengSungAOI_WPF\Views\RobotJogWindow.xaml.cs(866,13): error CS0103: The name 'JogZ62MinusBtn' does not exist in the current context [f:\Dev\Projects\AI Project\HaengSungAOI2\HaengSungAOI_WPF\HaengSungAOI_WPF.csproj]
     1>F:\Dev\Projects\AI Project\HaengSungAOI2\HaengSungAOI_WPF\Views\RobotJogWindow.xaml.cs(867,13): error CS0103: The name 'JogZ62PlusBtn' does not exist in the current context [f:\Dev\Projects\AI Project\HaengSungAOI2\HaengSungAOI_WPF\HaengSungAOI_WPF.csproj]
     1>F:\Dev\Projects\AI Project\HaengSungAOI2\HaengSungAOI_WPF\Views\RobotJogWindow.xaml.cs(870,13): error CS0103: The name 'JogRPlusBtn' does not exist in the current context [f:\Dev\Projects\AI Project\HaengSungAOI2\HaengSungAOI_WPF\HaengSungAOI_WPF.csproj]
     1>F:\Dev\Projects\AI Project\HaengSungAOI2\HaengSungAOI_WPF\Views\RobotJogWindow.xaml.cs(871,13): error CS0103: The name 'JogRMinusBtn' does not exist in the current context [f:\Dev\Projects\AI Project\HaengSungAOI2\HaengSungAOI_WPF\HaengSungAOI_WPF.csproj]
     1>F:\Dev\Projects\AI Project\HaengSungAOI2\HaengSungAOI_WPF\Views\RobotJogWindow.xaml.cs(874,13): error CS0103: The name 'CylinderUpBtn' does not exist in the current context [f:\Dev\Projects\AI Project\HaengSungAOI2\HaengSungAOI_WPF\HaengSungAOI_WPF.csproj]
     1>F:\Dev\Projects\AI Project\HaengSungAOI2\HaengSungAOI_WPF\Views\RobotJogWindow.xaml.cs(875,13): error CS0103: The name 'CylinderDownBtn' does not exist in the current context [f:\Dev\Projects\AI Project\HaengSungAOI2\HaengSungAOI_WPF\HaengSungAOI_WPF.csproj]
     1>F:\Dev\Projects\AI Project\HaengSungAOI2\HaengSungAOI_WPF\Views\RobotJogWindow.xaml.cs(876,13): error CS0103: The name 'VacuumOnBtn' does not exist in the current context [f:\Dev\Projects\AI Project\HaengSungAOI2\HaengSungAOI_WPF\HaengSungAOI_WPF.csproj]
     1>F:\Dev\Projects\AI Project\HaengSungAOI2\HaengSungAOI_WPF\Views\RobotJogWindow.xaml.cs(877,13): error CS0103: The name 'VacuumOffBtn' does not exist in the current context [f:\Dev\Projects\AI Project\HaengSungAOI2\HaengSungAOI_WPF\HaengSungAOI_WPF.csproj]
     1>F:\Dev\Projects\AI Project\HaengSungAOI2\HaengSungAOI_WPF\Views\RobotJogWindow.xaml.cs(878,13): error CS0103: The name 'CylinderTrayUpBtn' does not exist in the current context [f:\Dev\Projects\AI Project\HaengSungAOI2\HaengSungAOI_WPF\HaengSungAOI_WPF.csproj]
     1>F:\Dev\Projects\AI Project\HaengSungAOI2\HaengSungAOI_WPF\Views\RobotJogWindow.xaml.cs(879,13): error CS0103: The name 'CylinderTrayDownBtn' does not exist in the current context [f:\Dev\Projects\AI Project\HaengSungAOI2\HaengSungAOI_WPF\HaengSungAOI_WPF.csproj]
     1>F:\Dev\Projects\AI Project\HaengSungAOI2\HaengSungAOI_WPF\Views\RobotJogWindow.xaml.cs(880,13): error CS0103: The name 'VacuumTrayOnBtn' does not exist in the current context [f:\Dev\Projects\AI Project\HaengSungAOI2\HaengSungAOI_WPF\HaengSungAOI_WPF.csproj]
     1>F:\Dev\Projects\AI Project\HaengSungAOI2\HaengSungAOI_WPF\Views\RobotJogWindow.xaml.cs(881,13): error CS0103: The name 'VacuumTrayOffBtn' does not exist in the current context [f:\Dev\Projects\AI Project\HaengSungAOI2\HaengSungAOI_WPF\HaengSungAOI_WPF.csproj]
     1>F:\Dev\Projects\AI Project\HaengSungAOI2\HaengSungAOI_WPF\Views\RobotJogWindow.xaml.cs(888,13): error CS0103: The name 'JogSpeedAxis1Label' does not exist in the current context [f:\Dev\Projects\AI Project\HaengSungAOI2\HaengSungAOI_WPF\HaengSungAOI_WPF.csproj]
     1>F:\Dev\Projects\AI Project\HaengSungAOI2\HaengSungAOI_WPF\Views\RobotJogWindow.xaml.cs(889,13): error CS0103: The name 'JogSpeedAxis2Label' does not exist in the current context [f:\Dev\Projects\AI Project\HaengSungAOI2\HaengSungAOI_WPF\HaengSungAOI_WPF.csproj]
     1>F:\Dev\Projects\AI Project\HaengSungAOI2\HaengSungAOI_WPF\Views\RobotJogWindow.xaml.cs(890,13): error CS0103: The name 'JogSpeedAxis3Label' does not exist in the current context [f:\Dev\Projects\AI Project\HaengSungAOI2\HaengSungAOI_WPF\HaengSungAOI_WPF.csproj]
     1>F:\Dev\Projects\AI Project\HaengSungAOI2\HaengSungAOI_WPF\Views\RobotJogWindow.xaml.cs(891,13): error CS0103: The name 'JogSpeedAxis4Label' does not exist in the current context [f:\Dev\Projects\AI Project\HaengSungAOI2\HaengSungAOI_WPF\HaengSungAOI_WPF.csproj]
     1>F:\Dev\Projects\AI Project\HaengSungAOI2\HaengSungAOI_WPF\Views\RobotJogWindow.xaml.cs(892,13): error CS0103: The name 'JogSpeedAxis4Panel' does not exist in the current context [f:\Dev\Projects\AI Project\HaengSungAOI2\HaengSungAOI_WPF\HaengSungAOI_WPF.csproj]
     1>F:\Dev\Projects\AI Project\HaengSungAOI2\HaengSungAOI_WPF\Views\ModelConfig.RobotPositions.cs(599,17): error CS0103: The name 'OutfeedRobotGrid' does not exist in the current context [f:\Dev\Projects\AI Project\HaengSungAOI2\HaengSungAOI_WPF\HaengSungAOI_WPF.csproj]
     1>F:\Dev\Projects\AI Project\HaengSungAOI2\HaengSungAOI_WPF\Views\ModelConfig.RobotPositions.cs(606,21): error CS0103: The name 'OutfeedRobotGrid' does not exist in the current context [f:\Dev\Projects\AI Project\HaengSungAOI2\HaengSungAOI_WPF\HaengSungAOI_WPF.csproj]
     1>F:\Dev\Projects\AI Project\HaengSungAOI2\HaengSungAOI_WPF\Views\ModelConfig.RobotPositions.cs(607,21): error CS0103: The name '_isModelDataChanged' does not exist in the current context [f:\Dev\Projects\AI Project\HaengSungAOI2\HaengSungAOI_WPF\HaengSungAOI_WPF.csproj]
     1>F:\Dev\Projects\AI Project\HaengSungAOI2\HaengSungAOI_WPF\Views\RobotJogWindow.xaml.cs(898,13): error CS0103: The name 'JogXPlusBtn' does not exist in the current context [f:\Dev\Projects\AI Project\HaengSungAOI2\HaengSungAOI_WPF\HaengSungAOI_WPF.csproj]
     1>F:\Dev\Projects\AI Project\HaengSungAOI2\HaengSungAOI_WPF\Views\RobotJogWindow.xaml.cs(899,13): error CS0103: The name 'JogXMinusBtn' does not exist in the current context [f:\Dev\Projects\AI Project\HaengSungAOI2\HaengSungAOI_WPF\HaengSungAOI_WPF.csproj]
     1>F:\Dev\Projects\AI Project\HaengSungAOI2\HaengSungAOI_WPF\Views\RobotJogWindow.xaml.cs(900,13): error CS0103: The name 'JogYPlusBtn' does not exist in the current context [f:\Dev\Projects\AI Project\HaengSungAOI2\HaengSungAOI_WPF\HaengSungAOI_WPF.csproj]
     1>F:\Dev\Projects\AI Project\HaengSungAOI2\HaengSungAOI_WPF\Views\RobotJogWindow.xaml.cs(901,13): error CS0103: The name 'JogYMinusBtn' does not exist in the current context [f:\Dev\Projects\AI Project\HaengSungAOI2\HaengSungAOI_WPF\HaengSungAOI_WPF.csproj]
     1>F:\Dev\Projects\AI Project\HaengSungAOI2\HaengSungAOI_WPF\Views\RobotJogWindow.xaml.cs(904,13): error CS0103: The name 'JogZPlusBtn' does not exist in the current context [f:\Dev\Projects\AI Project\HaengSungAOI2\HaengSungAOI_WPF\HaengSungAOI_WPF.csproj]
     1>F:\Dev\Projects\AI Project\HaengSungAOI2\HaengSungAOI_WPF\Views\RobotJogWindow.xaml.cs(905,13): error CS0103: The name 'JogZMinusBtn' does not exist in the current context [f:\Dev\Projects\AI Project\HaengSungAOI2\HaengSungAOI_WPF\HaengSungAOI_WPF.csproj]
     1>F:\Dev\Projects\AI Project\HaengSungAOI2\HaengSungAOI_WPF\Views\RobotJogWindow.xaml.cs(908,13): error CS0103: The name 'JogZ61MinusBtn' does not exist in the current context [f:\Dev\Projects\AI Project\HaengSungAOI2\HaengSungAOI_WPF\HaengSungAOI_WPF.csproj]
     1>F:\Dev\Projects\AI Project\HaengSungAOI2\HaengSungAOI_WPF\Views\RobotJogWindow.xaml.cs(909,13): error CS0103: The name 'JogZ61PlusBtn' does not exist in the current context [f:\Dev\Projects\AI Project\HaengSungAOI2\HaengSungAOI_WPF\HaengSungAOI_WPF.csproj]
     1>F:\Dev\Projects\AI Project\HaengSungAOI2\HaengSungAOI_WPF\Views\RobotJogWindow.xaml.cs(910,13): error CS0103: The name 'JogZ62MinusBtn' does not exist in the current context [f:\Dev\Projects\AI Project\HaengSungAOI2\HaengSungAOI_WPF\HaengSungAOI_WPF.csproj]
     1>F:\Dev\Projects\AI Project\HaengSungAOI2\HaengSungAOI_WPF\Views\RobotJogWindow.xaml.cs(911,13): error CS0103: The name 'JogZ62PlusBtn' does not exist in the current context [f:\Dev\Projects\AI Project\HaengSungAOI2\HaengSungAOI_WPF\HaengSungAOI_WPF.csproj]
     1>F:\Dev\Projects\AI Project\HaengSungAOI2\HaengSungAOI_WPF\Views\RobotJogWindow.xaml.cs(914,13): error CS0103: The name 'JogRPlusBtn' does not exist in the current context [f:\Dev\Projects\AI Project\HaengSungAOI2\HaengSungAOI_WPF\HaengSungAOI_WPF.csproj]
     1>F:\Dev\Projects\AI Project\HaengSungAOI2\HaengSungAOI_WPF\Views\RobotJogWindow.xaml.cs(915,13): error CS0103: The name 'JogRMinusBtn' does not exist in the current context [f:\Dev\Projects\AI Project\HaengSungAOI2\HaengSungAOI_WPF\HaengSungAOI_WPF.csproj]
     1>F:\Dev\Projects\AI Project\HaengSungAOI2\HaengSungAOI_WPF\Views\RobotJogWindow.xaml.cs(918,13): error CS0103: The name 'CylinderUpBtn' does not exist in the current context [f:\Dev\Projects\AI Project\HaengSungAOI2\HaengSungAOI_WPF\HaengSungAOI_WPF.csproj]
     1>F:\Dev\Projects\AI Project\HaengSungAOI2\HaengSungAOI_WPF\Views\RobotJogWindow.xaml.cs(919,13): error CS0103: The name 'CylinderDownBtn' does not exist in the current context [f:\Dev\Projects\AI Project\HaengSungAOI2\HaengSungAOI_WPF\HaengSungAOI_WPF.csproj]
     1>F:\Dev\Projects\AI Project\HaengSungAOI2\HaengSungAOI_WPF\Views\RobotJogWindow.xaml.cs(920,13): error CS0103: The name 'CylinderTrayUpBtn' does not exist in the current context [f:\Dev\Projects\AI Project\HaengSungAOI2\HaengSungAOI_WPF\HaengSungAOI_WPF.csproj]
     1>F:\Dev\Projects\AI Project\HaengSungAOI2\HaengSungAOI_WPF\Views\RobotJogWindow.xaml.cs(921,13): error CS0103: The name 'CylinderTrayDownBtn' does not exist in the current context [f:\Dev\Projects\AI Project\HaengSungAOI2\HaengSungAOI_WPF\HaengSungAOI_WPF.csproj]
     1>F:\Dev\Projects\AI Project\HaengSungAOI2\HaengSungAOI_WPF\Views\RobotJogWindow.xaml.cs(922,13): error CS0103: The name 'VacuumTrayOnBtn' does not exist in the current context [f:\Dev\Projects\AI Project\HaengSungAOI2\HaengSungAOI_WPF\HaengSungAOI_WPF.csproj]
     1>F:\Dev\Projects\AI Project\HaengSungAOI2\HaengSungAOI_WPF\Views\RobotJogWindow.xaml.cs(923,13): error CS0103: The name 'VacuumTrayOffBtn' does not exist in the current context [f:\Dev\Projects\AI Project\HaengSungAOI2\HaengSungAOI_WPF\HaengSungAOI_WPF.csproj]
     1>F:\Dev\Projects\AI Project\HaengSungAOI2\HaengSungAOI_WPF\Views\RobotJogWindow.xaml.cs(924,13): error CS0103: The name 'VacuumOnBtn' does not exist in the current context [f:\Dev\Projects\AI Project\HaengSungAOI2\HaengSungAOI_WPF\HaengSungAOI_WPF.csproj]
     1>F:\Dev\Projects\AI Project\HaengSungAOI2\HaengSungAOI_WPF\Views\RobotJogWindow.xaml.cs(925,13): error CS0103: The name 'VacuumOffBtn' does not exist in the current context [f:\Dev\Projects\AI Project\HaengSungAOI2\HaengSungAOI_WPF\HaengSungAOI_WPF.csproj]
     1>F:\Dev\Projects\AI Project\HaengSungAOI2\HaengSungAOI_WPF\Views\RobotJogWindow.xaml.cs(931,13): error CS0103: The name 'JogSpeedAxis1Label' does not exist in the current context [f:\Dev\Projects\AI Project\HaengSungAOI2\HaengSungAOI_WPF\HaengSungAOI_WPF.csproj]
     1>F:\Dev\Projects\AI Project\HaengSungAOI2\HaengSungAOI_WPF\Views\RobotJogWindow.xaml.cs(932,13): error CS0103: The name 'JogSpeedAxis2Label' does not exist in the current context [f:\Dev\Projects\AI Project\HaengSungAOI2\HaengSungAOI_WPF\HaengSungAOI_WPF.csproj]
     1>F:\Dev\Projects\AI Project\HaengSungAOI2\HaengSungAOI_WPF\Views\RobotJogWindow.xaml.cs(933,13): error CS0103: The name 'JogSpeedAxis3Panel' does not exist in the current context [f:\Dev\Projects\AI Project\HaengSungAOI2\HaengSungAOI_WPF\HaengSungAOI_WPF.csproj]
     1>F:\Dev\Projects\AI Project\HaengSungAOI2\HaengSungAOI_WPF\Views\SettingsWindow.xaml.cs(328,13): error CS0103: The name 'ReadAllButton' does not exist in the current context [f:\Dev\Projects\AI Project\HaengSungAOI2\HaengSungAOI_WPF\HaengSungAOI_WPF.csproj]
     1>F:\Dev\Projects\AI Project\HaengSungAOI2\HaengSungAOI_WPF\Views\SettingsWindow.xaml.cs(329,13): error CS0103: The name 'WriteAllButton' does not exist in the current context [f:\Dev\Projects\AI Project\HaengSungAOI2\HaengSungAOI_WPF\HaengSungAOI_WPF.csproj]
     1>F:\Dev\Projects\AI Project\HaengSungAOI2\HaengSungAOI_WPF\Views\SettingsWindow.xaml.cs(330,13): error CS0103: The name 'RefreshButton' does not exist in the current context [f:\Dev\Projects\AI Project\HaengSungAOI2\HaengSungAOI_WPF\HaengSungAOI_WPF.csproj]
     1>F:\Dev\Projects\AI Project\HaengSungAOI2\HaengSungAOI_WPF\Views\SettingsWindow.xaml.cs(453,17): error CS0103: The name 'ReadAllButton' does not exist in the current context [f:\Dev\Projects\AI Project\HaengSungAOI2\HaengSungAOI_WPF\HaengSungAOI_WPF.csproj]
     1>F:\Dev\Projects\AI Project\HaengSungAOI2\HaengSungAOI_WPF\Views\SettingsWindow.xaml.cs(454,17): error CS0103: The name 'WriteAllButton' does not exist in the current context [f:\Dev\Projects\AI Project\HaengSungAOI2\HaengSungAOI_WPF\HaengSungAOI_WPF.csproj]
     1>F:\Dev\Projects\AI Project\HaengSungAOI2\HaengSungAOI_WPF\Views\SettingsWindow.xaml.cs(455,17): error CS0103: The name 'RefreshButton' does not exist in the current context [f:\Dev\Projects\AI Project\HaengSungAOI2\HaengSungAOI_WPF\HaengSungAOI_WPF.csproj]
     1>F:\Dev\Projects\AI Project\HaengSungAOI2\HaengSungAOI_WPF\Views\RobotJogWindow.xaml.cs(939,13): error CS0103: The name 'JogXPlusBtn' does not exist in the current context [f:\Dev\Projects\AI Project\HaengSungAOI2\HaengSungAOI_WPF\HaengSungAOI_WPF.csproj]
     1>F:\Dev\Projects\AI Project\HaengSungAOI2\HaengSungAOI_WPF\Views\RobotJogWindow.xaml.cs(940,13): error CS0103: The name 'JogXMinusBtn' does not exist in the current context [f:\Dev\Projects\AI Project\HaengSungAOI2\HaengSungAOI_WPF\HaengSungAOI_WPF.csproj]
     1>F:\Dev\Projects\AI Project\HaengSungAOI2\HaengSungAOI_WPF\Views\RobotJogWindow.xaml.cs(941,13): error CS0103: The name 'JogYPlusBtn' does not exist in the current context [f:\Dev\Projects\AI Project\HaengSungAOI2\HaengSungAOI_WPF\HaengSungAOI_WPF.csproj]
     1>F:\Dev\Projects\AI Project\HaengSungAOI2\HaengSungAOI_WPF\Views\RobotJogWindow.xaml.cs(942,13): error CS0103: The name 'JogYMinusBtn' does not exist in the current context [f:\Dev\Projects\AI Project\HaengSungAOI2\HaengSungAOI_WPF\HaengSungAOI_WPF.csproj]
     1>F:\Dev\Projects\AI Project\HaengSungAOI2\HaengSungAOI_WPF\Views\RobotJogWindow.xaml.cs(945,13): error CS0103: The name 'JogZPlusBtn' does not exist in the current context [f:\Dev\Projects\AI Project\HaengSungAOI2\HaengSungAOI_WPF\HaengSungAOI_WPF.csproj]
     1>F:\Dev\Projects\AI Project\HaengSungAOI2\HaengSungAOI_WPF\Views\RobotJogWindow.xaml.cs(946,13): error CS0103: The name 'JogZMinusBtn' does not exist in the current context [f:\Dev\Projects\AI Project\HaengSungAOI2\HaengSungAOI_WPF\HaengSungAOI_WPF.csproj]
     1>F:\Dev\Projects\AI Project\HaengSungAOI2\HaengSungAOI_WPF\Views\RobotJogWindow.xaml.cs(949,13): error CS0103: The name 'JogZ61MinusBtn' does not exist in the current context [f:\Dev\Projects\AI Project\HaengSungAOI2\HaengSungAOI_WPF\HaengSungAOI_WPF.csproj]
     1>F:\Dev\Projects\AI Project\HaengSungAOI2\HaengSungAOI_WPF\Views\RobotJogWindow.xaml.cs(950,13): error CS0103: The name 'JogZ61PlusBtn' does not exist in the current context [f:\Dev\Projects\AI Project\HaengSungAOI2\HaengSungAOI_WPF\HaengSungAOI_WPF.csproj]
     1>F:\Dev\Projects\AI Project\HaengSungAOI2\HaengSungAOI_WPF\Views\RobotJogWindow.xaml.cs(951,13): error CS0103: The name 'JogZ62MinusBtn' does not exist in the current context [f:\Dev\Projects\AI Project\HaengSungAOI2\HaengSungAOI_WPF\HaengSungAOI_WPF.csproj]
     1>F:\Dev\Projects\AI Project\HaengSungAOI2\HaengSungAOI_WPF\Views\RobotJogWindow.xaml.cs(952,13): error CS0103: The name 'JogZ62PlusBtn' does not exist in the current context [f:\Dev\Projects\AI Project\HaengSungAOI2\HaengSungAOI_WPF\HaengSungAOI_WPF.csproj]
     1>F:\Dev\Projects\AI Project\HaengSungAOI2\HaengSungAOI_WPF\Views\RobotJogWindow.xaml.cs(955,13): error CS0103: The name 'JogRPlusBtn' does not exist in the current context [f:\Dev\Projects\AI Project\HaengSungAOI2\HaengSungAOI_WPF\HaengSungAOI_WPF.csproj]
     1>F:\Dev\Projects\AI Project\HaengSungAOI2\HaengSungAOI_WPF\Views\RobotJogWindow.xaml.cs(956,13): error CS0103: The name 'JogRMinusBtn' does not exist in the current context [f:\Dev\Projects\AI Project\HaengSungAOI2\HaengSungAOI_WPF\HaengSungAOI_WPF.csproj]
     1>F:\Dev\Projects\AI Project\HaengSungAOI2\HaengSungAOI_WPF\Views\RobotJogWindow.xaml.cs(959,13): error CS0103: The name 'CylinderUpBtn' does not exist in the current context [f:\Dev\Projects\AI Project\HaengSungAOI2\HaengSungAOI_WPF\HaengSungAOI_WPF.csproj]
     1>F:\Dev\Projects\AI Project\HaengSungAOI2\HaengSungAOI_WPF\Views\RobotJogWindow.xaml.cs(960,13): error CS0103: The name 'CylinderDownBtn' does not exist in the current context [f:\Dev\Projects\AI Project\HaengSungAOI2\HaengSungAOI_WPF\HaengSungAOI_WPF.csproj]
     1>F:\Dev\Projects\AI Project\HaengSungAOI2\HaengSungAOI_WPF\Views\RobotJogWindow.xaml.cs(961,13): error CS0103: The name 'CylinderTrayUpBtn' does not exist in the current context [f:\Dev\Projects\AI Project\HaengSungAOI2\HaengSungAOI_WPF\HaengSungAOI_WPF.csproj]
     1>F:\Dev\Projects\AI Project\HaengSungAOI2\HaengSungAOI_WPF\Views\RobotJogWindow.xaml.cs(962,13): error CS0103: The name 'CylinderTrayDownBtn' does not exist in the current context [f:\Dev\Projects\AI Project\HaengSungAOI2\HaengSungAOI_WPF\HaengSungAOI_WPF.csproj]
     1>F:\Dev\Projects\AI Project\HaengSungAOI2\HaengSungAOI_WPF\Views\RobotJogWindow.xaml.cs(963,13): error CS0103: The name 'VacuumTrayOnBtn' does not exist in the current context [f:\Dev\Projects\AI Project\HaengSungAOI2\HaengSungAOI_WPF\HaengSungAOI_WPF.csproj]
     1>F:\Dev\Projects\AI Project\HaengSungAOI2\HaengSungAOI_WPF\Views\RobotJogWindow.xaml.cs(964,13): error CS0103: The name 'VacuumTrayOffBtn' does not exist in the current context [f:\Dev\Projects\AI Project\HaengSungAOI2\HaengSungAOI_WPF\HaengSungAOI_WPF.csproj]
     1>F:\Dev\Projects\AI Project\HaengSungAOI2\HaengSungAOI_WPF\Views\RobotJogWindow.xaml.cs(965,13): error CS0103: The name 'VacuumOnBtn' does not exist in the current context [f:\Dev\Projects\AI Project\HaengSungAOI2\HaengSungAOI_WPF\HaengSungAOI_WPF.csproj]
     1>F:\Dev\Projects\AI Project\HaengSungAOI2\HaengSungAOI_WPF\Views\RobotJogWindow.xaml.cs(966,13): error CS0103: The name 'VacuumOffBtn' does not exist in the current context [f:\Dev\Projects\AI Project\HaengSungAOI2\HaengSungAOI_WPF\HaengSungAOI_WPF.csproj]
     1>F:\Dev\Projects\AI Project\HaengSungAOI2\HaengSungAOI_WPF\Views\RobotJogWindow.xaml.cs(972,13): error CS0103: The name 'JogSpeedAxis1Label' does not exist in the current context [f:\Dev\Projects\AI Project\HaengSungAOI2\HaengSungAOI_WPF\HaengSungAOI_WPF.csproj]
     1>F:\Dev\Projects\AI Project\HaengSungAOI2\HaengSungAOI_WPF\Views\RobotJogWindow.xaml.cs(973,13): error CS0103: The name 'JogSpeedAxis2Label' does not exist in the current context [f:\Dev\Projects\AI Project\HaengSungAOI2\HaengSungAOI_WPF\HaengSungAOI_WPF.csproj]
     1>F:\Dev\Projects\AI Project\HaengSungAOI2\HaengSungAOI_WPF\Views\RobotJogWindow.xaml.cs(974,13): error CS0103: The name 'JogSpeedAxis3Panel' does not exist in the current context [f:\Dev\Projects\AI Project\HaengSungAOI2\HaengSungAOI_WPF\HaengSungAOI_WPF.csproj]
     1>F:\Dev\Projects\AI Project\HaengSungAOI2\HaengSungAOI_WPF\Views\ModelConfig.RobotPositions.cs(628,17): error CS0103: The name 'OutfeedRobotGrid' does not exist in the current context [f:\Dev\Projects\AI Project\HaengSungAOI2\HaengSungAOI_WPF\HaengSungAOI_WPF.csproj]
     1>F:\Dev\Projects\AI Project\HaengSungAOI2\HaengSungAOI_WPF\Views\RobotJogWindow.xaml.cs(996,38): error CS0103: The name 'JogSpeedAxis1TextBox' does not exist in the current context [f:\Dev\Projects\AI Project\HaengSungAOI2\HaengSungAOI_WPF\HaengSungAOI_WPF.csproj]
     1>F:\Dev\Projects\AI Project\HaengSungAOI2\HaengSungAOI_WPF\Views\RobotJogWindow.xaml.cs(997,38): error CS0103: The name 'JogSpeedAxis2TextBox' does not exist in the current context [f:\Dev\Projects\AI Project\HaengSungAOI2\HaengSungAOI_WPF\HaengSungAOI_WPF.csproj]
     1>F:\Dev\Projects\AI Project\HaengSungAOI2\HaengSungAOI_WPF\Views\RobotJogWindow.xaml.cs(998,38): error CS0103: The name 'JogSpeedAxis3TextBox' does not exist in the current context [f:\Dev\Projects\AI Project\HaengSungAOI2\HaengSungAOI_WPF\HaengSungAOI_WPF.csproj]
     1>F:\Dev\Projects\AI Project\HaengSungAOI2\HaengSungAOI_WPF\Views\ModelConfig.RobotPositions.cs(678,31): error CS0103: The name '_mainWindow' does not exist in the current context [f:\Dev\Projects\AI Project\HaengSungAOI2\HaengSungAOI_WPF\HaengSungAOI_WPF.csproj]
     1>F:\Dev\Projects\AI Project\HaengSungAOI2\HaengSungAOI_WPF\Views\ModelConfig.RobotPositions.cs(700,17): error CS0103: The name 'Inspect1RobotGrid' does not exist in the current context [f:\Dev\Projects\AI Project\HaengSungAOI2\HaengSungAOI_WPF\HaengSungAOI_WPF.csproj]
     1>F:\Dev\Projects\AI Project\HaengSungAOI2\HaengSungAOI_WPF\Views\ModelConfig.RobotPositions.cs(707,21): error CS0103: The name 'Inspect1RobotGrid' does not exist in the current context [f:\Dev\Projects\AI Project\HaengSungAOI2\HaengSungAOI_WPF\HaengSungAOI_WPF.csproj]
     1>F:\Dev\Projects\AI Project\HaengSungAOI2\HaengSungAOI_WPF\Views\ModelConfig.RobotPositions.cs(708,21): error CS0103: The name '_isModelDataChanged' does not exist in the current context [f:\Dev\Projects\AI Project\HaengSungAOI2\HaengSungAOI_WPF\HaengSungAOI_WPF.csproj]
     1>F:\Dev\Projects\AI Project\HaengSungAOI2\HaengSungAOI_WPF\Views\RobotJogWindow.xaml.cs(1057,59): error CS0103: The name 'JogSpeedAxis1TextBox' does not exist in the current context [f:\Dev\Projects\AI Project\HaengSungAOI2\HaengSungAOI_WPF\HaengSungAOI_WPF.csproj]
     1>F:\Dev\Projects\AI Project\HaengSungAOI2\HaengSungAOI_WPF\Views\RobotJogWindow.xaml.cs(1059,59): error CS0103: The name 'JogSpeedAxis2TextBox' does not exist in the current context [f:\Dev\Projects\AI Project\HaengSungAOI2\HaengSungAOI_WPF\HaengSungAOI_WPF.csproj]
     1>F:\Dev\Projects\AI Project\HaengSungAOI2\HaengSungAOI_WPF\Views\RobotJogWindow.xaml.cs(1061,59): error CS0103: The name 'JogSpeedAxis3TextBox' does not exist in the current context [f:\Dev\Projects\AI Project\HaengSungAOI2\HaengSungAOI_WPF\HaengSungAOI_WPF.csproj]
     1>F:\Dev\Projects\AI Project\HaengSungAOI2\HaengSungAOI_WPF\Views\ModelConfig.RobotPositions.cs(729,17): error CS0103: The name 'Inspect1RobotGrid' does not exist in the current context [f:\Dev\Projects\AI Project\HaengSungAOI2\HaengSungAOI_WPF\HaengSungAOI_WPF.csproj]
     1>F:\Dev\Projects\AI Project\HaengSungAOI2\HaengSungAOI_WPF\Views\RobotJogWindow.xaml.cs(1067,58): error CS0103: The name 'JogSpeedAxis1TextBox' does not exist in the current context [f:\Dev\Projects\AI Project\HaengSungAOI2\HaengSungAOI_WPF\HaengSungAOI_WPF.csproj]
     1>F:\Dev\Projects\AI Project\HaengSungAOI2\HaengSungAOI_WPF\Views\RobotJogWindow.xaml.cs(1069,58): error CS0103: The name 'JogSpeedAxis2TextBox' does not exist in the current context [f:\Dev\Projects\AI Project\HaengSungAOI2\HaengSungAOI_WPF\HaengSungAOI_WPF.csproj]
     1>F:\Dev\Projects\AI Project\HaengSungAOI2\HaengSungAOI_WPF\Views\RobotJogWindow.xaml.cs(1071,58): error CS0103: The name 'JogSpeedAxis3TextBox' does not exist in the current context [f:\Dev\Projects\AI Project\HaengSungAOI2\HaengSungAOI_WPF\HaengSungAOI_WPF.csproj]
     1>F:\Dev\Projects\AI Project\HaengSungAOI2\HaengSungAOI_WPF\Views\ModelConfig.RobotPositions.cs(773,31): error CS0103: The name '_mainWindow' does not exist in the current context [f:\Dev\Projects\AI Project\HaengSungAOI2\HaengSungAOI_WPF\HaengSungAOI_WPF.csproj]
     1>F:\Dev\Projects\AI Project\HaengSungAOI2\HaengSungAOI_WPF\Views\ModelConfig.RobotPositions.cs(795,17): error CS0103: The name 'Inspect2RobotGrid' does not exist in the current context [f:\Dev\Projects\AI Project\HaengSungAOI2\HaengSungAOI_WPF\HaengSungAOI_WPF.csproj]
     1>F:\Dev\Projects\AI Project\HaengSungAOI2\HaengSungAOI_WPF\Views\ModelConfig.RobotPositions.cs(802,21): error CS0103: The name 'Inspect2RobotGrid' does not exist in the current context [f:\Dev\Projects\AI Project\HaengSungAOI2\HaengSungAOI_WPF\HaengSungAOI_WPF.csproj]
     1>F:\Dev\Projects\AI Project\HaengSungAOI2\HaengSungAOI_WPF\Views\ModelConfig.RobotPositions.cs(803,21): error CS0103: The name '_isModelDataChanged' does not exist in the current context [f:\Dev\Projects\AI Project\HaengSungAOI2\HaengSungAOI_WPF\HaengSungAOI_WPF.csproj]
     1>F:\Dev\Projects\AI Project\HaengSungAOI2\HaengSungAOI_WPF\Views\RobotJogWindow.xaml.cs(1111,32): error CS0103: The name 'JogSpeedAxis1TextBox' does not exist in the current context [f:\Dev\Projects\AI Project\HaengSungAOI2\HaengSungAOI_WPF\HaengSungAOI_WPF.csproj]
     1>F:\Dev\Projects\AI Project\HaengSungAOI2\HaengSungAOI_WPF\Views\RobotJogWindow.xaml.cs(1113,37): error CS0103: The name 'JogSpeedAxis2TextBox' does not exist in the current context [f:\Dev\Projects\AI Project\HaengSungAOI2\HaengSungAOI_WPF\HaengSungAOI_WPF.csproj]
     1>F:\Dev\Projects\AI Project\HaengSungAOI2\HaengSungAOI_WPF\Views\RobotJogWindow.xaml.cs(1115,37): error CS0103: The name 'JogSpeedAxis3TextBox' does not exist in the current context [f:\Dev\Projects\AI Project\HaengSungAOI2\HaengSungAOI_WPF\HaengSungAOI_WPF.csproj]
     1>F:\Dev\Projects\AI Project\HaengSungAOI2\HaengSungAOI_WPF\Views\ModelConfig.RobotPositions.cs(824,17): error CS0103: The name 'Inspect2RobotGrid' does not exist in the current context [f:\Dev\Projects\AI Project\HaengSungAOI2\HaengSungAOI_WPF\HaengSungAOI_WPF.csproj]
     1>F:\Dev\Projects\AI Project\HaengSungAOI2\HaengSungAOI_WPF\Views\ModelConfig.RobotPositions.cs(869,31): error CS0103: The name '_mainWindow' does not exist in the current context [f:\Dev\Projects\AI Project\HaengSungAOI2\HaengSungAOI_WPF\HaengSungAOI_WPF.csproj]
     1>F:\Dev\Projects\AI Project\HaengSungAOI2\HaengSungAOI_WPF\Views\ModelConfig.RobotPositions.cs(901,17): error CS0103: The name '_isLoadingModel' does not exist in the current context [f:\Dev\Projects\AI Project\HaengSungAOI2\HaengSungAOI_WPF\HaengSungAOI_WPF.csproj]
     1>F:\Dev\Projects\AI Project\HaengSungAOI2\HaengSungAOI_WPF\Views\ModelConfig.RobotPositions.cs(910,17): error CS0103: The name '_isLoadingModel' does not exist in the current context [f:\Dev\Projects\AI Project\HaengSungAOI2\HaengSungAOI_WPF\HaengSungAOI_WPF.csproj]
     1>F:\Dev\Projects\AI Project\HaengSungAOI2\HaengSungAOI_WPF\Views\ModelConfig.RobotPositions.cs(911,17): error CS0103: The name '_isModelDataChanged' does not exist in the current context [f:\Dev\Projects\AI Project\HaengSungAOI2\HaengSungAOI_WPF\HaengSungAOI_WPF.csproj]
     1>F:\Dev\Projects\AI Project\HaengSungAOI2\HaengSungAOI_WPF\Views\ModelConfig.RobotPositions.cs(914,17): error CS0103: The name 'InfeedRobotGrid' does not exist in the current context [f:\Dev\Projects\AI Project\HaengSungAOI2\HaengSungAOI_WPF\HaengSungAOI_WPF.csproj]
     1>F:\Dev\Projects\AI Project\HaengSungAOI2\HaengSungAOI_WPF\Views\ModelConfig.RobotPositions.cs(915,17): error CS0103: The name 'TransferRobotGrid' does not exist in the current context [f:\Dev\Projects\AI Project\HaengSungAOI2\HaengSungAOI_WPF\HaengSungAOI_WPF.csproj]
     1>F:\Dev\Projects\AI Project\HaengSungAOI2\HaengSungAOI_WPF\Views\ModelConfig.RobotPositions.cs(916,17): error CS0103: The name 'OutfeedRobotGrid' does not exist in the current context [f:\Dev\Projects\AI Project\HaengSungAOI2\HaengSungAOI_WPF\HaengSungAOI_WPF.csproj]
     1>F:\Dev\Projects\AI Project\HaengSungAOI2\HaengSungAOI_WPF\Views\ModelConfig.RobotPositions.cs(917,17): error CS0103: The name 'Inspect1RobotGrid' does not exist in the current context [f:\Dev\Projects\AI Project\HaengSungAOI2\HaengSungAOI_WPF\HaengSungAOI_WPF.csproj]
     1>F:\Dev\Projects\AI Project\HaengSungAOI2\HaengSungAOI_WPF\Views\ModelConfig.RobotPositions.cs(918,17): error CS0103: The name 'Inspect2RobotGrid' does not exist in the current context [f:\Dev\Projects\AI Project\HaengSungAOI2\HaengSungAOI_WPF\HaengSungAOI_WPF.csproj]
     1>F:\Dev\Projects\AI Project\HaengSungAOI2\HaengSungAOI_WPF\Views\ModelConfig.RobotPositions.cs(925,17): error CS0103: The name '_isLoadingModel' does not exist in the current context [f:\Dev\Projects\AI Project\HaengSungAOI2\HaengSungAOI_WPF\HaengSungAOI_WPF.csproj]
     1>F:\Dev\Projects\AI Project\HaengSungAOI2\HaengSungAOI_WPF\Views\ModelConfig.RobotPositions.cs(949,19): error CS0103: The name 'WritePositionsToPLCWithSpinnerAsync' does not exist in the current context [f:\Dev\Projects\AI Project\HaengSungAOI2\HaengSungAOI_WPF\HaengSungAOI_WPF.csproj]
     1>F:\Dev\Projects\AI Project\HaengSungAOI2\HaengSungAOI_WPF\Views\ModelConfig.RobotPositions.cs(954,20): error CS0103: The name '_mainWindow' does not exist in the current context [f:\Dev\Projects\AI Project\HaengSungAOI2\HaengSungAOI_WPF\HaengSungAOI_WPF.csproj]
     1>F:\Dev\Projects\AI Project\HaengSungAOI2\HaengSungAOI_WPF\Views\SettingsWindow.xaml.cs(799,13): error CS0103: The name 'StatusText' does not exist in the current context [f:\Dev\Projects\AI Project\HaengSungAOI2\HaengSungAOI_WPF\HaengSungAOI_WPF.csproj]
     1>F:\Dev\Projects\AI Project\HaengSungAOI2\HaengSungAOI_WPF\Views\ModelConfig.xaml.cs(16,13): error CS0103: The name 'InitializeComponent' does not exist in the current context [f:\Dev\Projects\AI Project\HaengSungAOI2\HaengSungAOI_WPF\HaengSungAOI_WPF.csproj]
     1>F:\Dev\Projects\AI Project\HaengSungAOI2\HaengSungAOI_WPF\Views\ModelConfig.xaml.cs(33,21): error CS0103: The name 'ProcedureConfigControl' does not exist in the current context [f:\Dev\Projects\AI Project\HaengSungAOI2\HaengSungAOI_WPF\HaengSungAOI_WPF.csproj]
