     1>CSC : error CS5001: Program does not contain a static 'Main' method suitable for an entry point [f:\Dev\Projects\AI Project\HaengSungAOI2\HaengSungAOI_WPF\HaengSungAOI_WPF.csproj]
     1>F:\Dev\Projects\AI Project\HaengSungAOI2\HaengSungAOI_WPF\Views\TestView.xaml.cs(24,13): error CS0103: The name 'InitializeComponent' does not exist in the current context [f:\Dev\Projects\AI Project\HaengSungAOI2\HaengSungAOI_WPF\HaengSungAOI_WPF.csproj]
     1>F:\Dev\Projects\AI Project\HaengSungAOI2\HaengSungAOI_WPF\Views\MainView.xaml.cs(26,13): error CS0103: The name 'InitializeComponent' does not exist in the current context [f:\Dev\Projects\AI Project\HaengSungAOI2\HaengSungAOI_WPF\HaengSungAOI_WPF.csproj]
     1>F:\Dev\Projects\AI Project\HaengSungAOI2\HaengSungAOI_WPF\Views\SettingsWindow.xaml.cs(16,13): error CS0103: The name 'InitializeComponent' does not exist in the current context [f:\Dev\Projects\AI Project\HaengSungAOI2\HaengSungAOI_WPF\HaengSungAOI_WPF.csproj]
     1>F:\Dev\Projects\AI Project\HaengSungAOI2\HaengSungAOI_WPF\Views\SettingsWindow.xaml.cs(20,13): error CS0103: The name 'ParameterDataGrid' does not exist in the current context [f:\Dev\Projects\AI Project\HaengSungAOI2\HaengSungAOI_WPF\HaengSungAOI_WPF.csproj]
     1>F:\Dev\Projects\AI Project\HaengSungAOI2\HaengSungAOI_WPF\Views\RobotJogWindow.xaml.cs(19,13): error CS0103: The name 'InitializeComponent' does not exist in the current context [f:\Dev\Projects\AI Project\HaengSungAOI2\HaengSungAOI_WPF\HaengSungAOI_WPF.csproj]
     1>F:\Dev\Projects\AI Project\HaengSungAOI2\HaengSungAOI_WPF\Views\MainWindow.xaml.cs(19,13): error CS0103: The name 'InitializeComponent' does not exist in the current context [f:\Dev\Projects\AI Project\HaengSungAOI2\HaengSungAOI_WPF\HaengSungAOI_WPF.csproj]
     1>F:\Dev\Projects\AI Project\HaengSungAOI2\HaengSungAOI_WPF\Views\MainWindow.xaml.cs(35,17): error CS0103: The name 'FrontEnd' does not exist in the current context [f:\Dev\Projects\AI Project\HaengSungAOI2\HaengSungAOI_WPF\HaengSungAOI_WPF.csproj]
     1>F:\Dev\Projects\AI Project\HaengSungAOI2\HaengSungAOI_WPF\Views\MainWindow.xaml.cs(37,51): error CS0103: The name 'FrontEnd' does not exist in the current context [f:\Dev\Projects\AI Project\HaengSungAOI2\HaengSungAOI_WPF\HaengSungAOI_WPF.csproj]
     1>F:\Dev\Projects\AI Project\HaengSungAOI2\HaengSungAOI_WPF\Views\ErrorListWindow.xaml.cs(31,13): error CS0103: The name 'InitializeComponent' does not exist in the current context [f:\Dev\Projects\AI Project\HaengSungAOI2\HaengSungAOI_WPF\HaengSungAOI_WPF.csproj]
     1>F:\Dev\Projects\AI Project\HaengSungAOI2\HaengSungAOI_WPF\Views\ModelConfig.xaml.cs(21,13): error CS0103: The name 'InitializeComponent' does not exist in the current context [f:\Dev\Projects\AI Project\HaengSungAOI2\HaengSungAOI_WPF\HaengSungAOI_WPF.csproj]
     1>F:\Dev\Projects\AI Project\HaengSungAOI2\HaengSungAOI_WPF\Views\ModelConfig.xaml.cs(37,21): error CS0103: The name 'ProcedureConfigControl' does not exist in the current context [f:\Dev\Projects\AI Project\HaengSungAOI2\HaengSungAOI_WPF\HaengSungAOI_WPF.csproj]
     1>F:\Dev\Projects\AI Project\HaengSungAOI2\HaengSungAOI_WPF\Views\ErrorListWindow.xaml.cs(77,21): error CS0103: The name 'cbErrorType' does not exist in the current context [f:\Dev\Projects\AI Project\HaengSungAOI2\HaengSungAOI_WPF\HaengSungAOI_WPF.csproj]
     1>F:\Dev\Projects\AI Project\HaengSungAOI2\HaengSungAOI_WPF\Views\ErrorListWindow.xaml.cs(77,42): error CS0103: The name 'cbErrorType' does not exist in the current context [f:\Dev\Projects\AI Project\HaengSungAOI2\HaengSungAOI_WPF\HaengSungAOI_WPF.csproj]
     1>F:\Dev\Projects\AI Project\HaengSungAOI2\HaengSungAOI_WPF\Views\ErrorListWindow.xaml.cs(78,21): error CS0103: The name 'cbStatus' does not exist in the current context [f:\Dev\Projects\AI Project\HaengSungAOI2\HaengSungAOI_WPF\HaengSungAOI_WPF.csproj]
     1>F:\Dev\Projects\AI Project\HaengSungAOI2\HaengSungAOI_WPF\Views\ErrorListWindow.xaml.cs(78,39): error CS0103: The name 'cbStatus' does not exist in the current context [f:\Dev\Projects\AI Project\HaengSungAOI2\HaengSungAOI_WPF\HaengSungAOI_WPF.csproj]
     1>F:\Dev\Projects\AI Project\HaengSungAOI2\HaengSungAOI_WPF\Views\ManualOperations.xaml.cs(18,13): error CS0103: The name 'InitializeComponent' does not exist in the current context [f:\Dev\Projects\AI Project\HaengSungAOI2\HaengSungAOI_WPF\HaengSungAOI_WPF.csproj]
     1>F:\Dev\Projects\AI Project\HaengSungAOI2\HaengSungAOI_WPF\Views\HistoryWindow.xaml.cs(19,13): error CS0103: The name 'InitializeComponent' does not exist in the current context [f:\Dev\Projects\AI Project\HaengSungAOI2\HaengSungAOI_WPF\HaengSungAOI_WPF.csproj]
     1>F:\Dev\Projects\AI Project\HaengSungAOI2\HaengSungAOI_WPF\Views\ErrorListWindow.xaml.cs(120,21): error CS0103: The name 'cbErrorType' does not exist in the current context [f:\Dev\Projects\AI Project\HaengSungAOI2\HaengSungAOI_WPF\HaengSungAOI_WPF.csproj]
     1>F:\Dev\Projects\AI Project\HaengSungAOI2\HaengSungAOI_WPF\Views\ErrorListWindow.xaml.cs(120,44): error CS0103: The name 'cbStatus' does not exist in the current context [f:\Dev\Projects\AI Project\HaengSungAOI2\HaengSungAOI_WPF\HaengSungAOI_WPF.csproj]
     1>F:\Dev\Projects\AI Project\HaengSungAOI2\HaengSungAOI_WPF\Views\ErrorListWindow.xaml.cs(120,64): error CS0103: The name 'txtSearch' does not exist in the current context [f:\Dev\Projects\AI Project\HaengSungAOI2\HaengSungAOI_WPF\HaengSungAOI_WPF.csproj]
     1>F:\Dev\Projects\AI Project\HaengSungAOI2\HaengSungAOI_WPF\Views\ErrorListWindow.xaml.cs(120,85): error CS0103: The name 'dgErrors' does not exist in the current context [f:\Dev\Projects\AI Project\HaengSungAOI2\HaengSungAOI_WPF\HaengSungAOI_WPF.csproj]
     1>F:\Dev\Projects\AI Project\HaengSungAOI2\HaengSungAOI_WPF\Views\ErrorListWindow.xaml.cs(131,21): error CS0103: The name 'cbErrorType' does not exist in the current context [f:\Dev\Projects\AI Project\HaengSungAOI2\HaengSungAOI_WPF\HaengSungAOI_WPF.csproj]
     1>F:\Dev\Projects\AI Project\HaengSungAOI2\HaengSungAOI_WPF\Views\ErrorListWindow.xaml.cs(131,44): error CS0103: The name 'cbErrorType' does not exist in the current context [f:\Dev\Projects\AI Project\HaengSungAOI2\HaengSungAOI_WPF\HaengSungAOI_WPF.csproj]
     1>F:\Dev\Projects\AI Project\HaengSungAOI2\HaengSungAOI_WPF\Views\ErrorListWindow.xaml.cs(133,51): error CS0103: The name 'cbErrorType' does not exist in the current context [f:\Dev\Projects\AI Project\HaengSungAOI2\HaengSungAOI_WPF\HaengSungAOI_WPF.csproj]
     1>F:\Dev\Projects\AI Project\HaengSungAOI2\HaengSungAOI_WPF\Views\ErrorListWindow.xaml.cs(137,21): error CS0103: The name 'cbStatus' does not exist in the current context [f:\Dev\Projects\AI Project\HaengSungAOI2\HaengSungAOI_WPF\HaengSungAOI_WPF.csproj]
     1>F:\Dev\Projects\AI Project\HaengSungAOI2\HaengSungAOI_WPF\Views\ErrorListWindow.xaml.cs(139,25): error CS0103: The name 'cbStatus' does not exist in the current context [f:\Dev\Projects\AI Project\HaengSungAOI2\HaengSungAOI_WPF\HaengSungAOI_WPF.csproj]
     1>F:\Dev\Projects\AI Project\HaengSungAOI2\HaengSungAOI_WPF\Views\ErrorListWindow.xaml.cs(141,30): error CS0103: The name 'cbStatus' does not exist in the current context [f:\Dev\Projects\AI Project\HaengSungAOI2\HaengSungAOI_WPF\HaengSungAOI_WPF.csproj]
     1>F:\Dev\Projects\AI Project\HaengSungAOI2\HaengSungAOI_WPF\Views\ErrorListWindow.xaml.cs(145,37): error CS0103: The name 'txtSearch' does not exist in the current context [f:\Dev\Projects\AI Project\HaengSungAOI2\HaengSungAOI_WPF\HaengSungAOI_WPF.csproj]
     1>F:\Dev\Projects\AI Project\HaengSungAOI2\HaengSungAOI_WPF\Views\ErrorListWindow.xaml.cs(165,17): error CS0103: The name 'dgErrors' does not exist in the current context [f:\Dev\Projects\AI Project\HaengSungAOI2\HaengSungAOI_WPF\HaengSungAOI_WPF.csproj]
     1>F:\Dev\Projects\AI Project\HaengSungAOI2\HaengSungAOI_WPF\Views\ErrorListWindow.xaml.cs(168,17): error CS0103: The name 'dgErrors' does not exist in the current context [f:\Dev\Projects\AI Project\HaengSungAOI2\HaengSungAOI_WPF\HaengSungAOI_WPF.csproj]
     1>F:\Dev\Projects\AI Project\HaengSungAOI2\HaengSungAOI_WPF\Views\ErrorListWindow.xaml.cs(291,34): error CS0103: The name 'dgErrors' does not exist in the current context [f:\Dev\Projects\AI Project\HaengSungAOI2\HaengSungAOI_WPF\HaengSungAOI_WPF.csproj]
     1>F:\Dev\Projects\AI Project\HaengSungAOI2\HaengSungAOI_WPF\Views\ErrorListWindow.xaml.cs(296,21): error CS0103: The name 'txtDetailsSource' does not exist in the current context [f:\Dev\Projects\AI Project\HaengSungAOI2\HaengSungAOI_WPF\HaengSungAOI_WPF.csproj]
     1>F:\Dev\Projects\AI Project\HaengSungAOI2\HaengSungAOI_WPF\Views\ErrorListWindow.xaml.cs(297,21): error CS0103: The name 'txtDetailsType' does not exist in the current context [f:\Dev\Projects\AI Project\HaengSungAOI2\HaengSungAOI_WPF\HaengSungAOI_WPF.csproj]
     1>F:\Dev\Projects\AI Project\HaengSungAOI2\HaengSungAOI_WPF\Views\ErrorListWindow.xaml.cs(310,21): error CS0103: The name 'txtDetails' does not exist in the current context [f:\Dev\Projects\AI Project\HaengSungAOI2\HaengSungAOI_WPF\HaengSungAOI_WPF.csproj]
     1>F:\Dev\Projects\AI Project\HaengSungAOI2\HaengSungAOI_WPF\Views\ErrorListWindow.xaml.cs(317,21): error CS0103: The name 'txtDetailsSource' does not exist in the current context [f:\Dev\Projects\AI Project\HaengSungAOI2\HaengSungAOI_WPF\HaengSungAOI_WPF.csproj]
     1>F:\Dev\Projects\AI Project\HaengSungAOI2\HaengSungAOI_WPF\Views\ErrorListWindow.xaml.cs(318,21): error CS0103: The name 'txtDetailsType' does not exist in the current context [f:\Dev\Projects\AI Project\HaengSungAOI2\HaengSungAOI_WPF\HaengSungAOI_WPF.csproj]
     1>F:\Dev\Projects\AI Project\HaengSungAOI2\HaengSungAOI_WPF\Views\ErrorListWindow.xaml.cs(319,21): error CS0103: The name 'txtDetails' does not exist in the current context [f:\Dev\Projects\AI Project\HaengSungAOI2\HaengSungAOI_WPF\HaengSungAOI_WPF.csproj]
     1>F:\Dev\Projects\AI Project\HaengSungAOI2\HaengSungAOI_WPF\Views\ErrorListWindow.xaml.cs(511,25): error CS0103: The name 'txtDetailsSource' does not exist in the current context [f:\Dev\Projects\AI Project\HaengSungAOI2\HaengSungAOI_WPF\HaengSungAOI_WPF.csproj]
     1>F:\Dev\Projects\AI Project\HaengSungAOI2\HaengSungAOI_WPF\Views\ErrorListWindow.xaml.cs(512,25): error CS0103: The name 'txtDetailsType' does not exist in the current context [f:\Dev\Projects\AI Project\HaengSungAOI2\HaengSungAOI_WPF\HaengSungAOI_WPF.csproj]
     1>F:\Dev\Projects\AI Project\HaengSungAOI2\HaengSungAOI_WPF\Views\ErrorListWindow.xaml.cs(513,25): error CS0103: The name 'txtDetails' does not exist in the current context [f:\Dev\Projects\AI Project\HaengSungAOI2\HaengSungAOI_WPF\HaengSungAOI_WPF.csproj]
